<?xml version="1.0" encoding="ISO-8859-1" ?>
<link_info>
   <banner>MSP430 Linker PC v21.6.1.LTS</banner>
   <copyright>Copyright (c) 2003-2018 Texas Instruments Incorporated</copyright>
   <link_time>0x6747ae43</link_time>
   <link_errors>0x0</link_errors>
   <output_file>28v-msp432.out</output_file>
   <entry_point>
      <name>_c_int00_noargs_mpu</name>
      <address>0x4480</address>
   </entry_point>
   <input_file_list>
      <input_file id="fl-2">
         <path>.\</path>
         <kind>object</kind>
         <file>FRAMLogMode.obj</file>
         <name>FRAMLogMode.obj</name>
      </input_file>
      <input_file id="fl-3">
         <path>.\</path>
         <kind>object</kind>
         <file>LiveTempMode.obj</file>
         <name>LiveTempMode.obj</name>
      </input_file>
      <input_file id="fl-4">
         <path>.\</path>
         <kind>object</kind>
         <file>ccsds.obj</file>
         <name>ccsds.obj</name>
      </input_file>
      <input_file id="fl-5">
         <path>.\</path>
         <kind>object</kind>
         <file>main.obj</file>
         <name>main.obj</name>
      </input_file>
      <input_file id="fl-6">
         <path>.\driverlib\MSP430FR5xx_6xx\</path>
         <kind>object</kind>
         <file>adc12_b.obj</file>
         <name>adc12_b.obj</name>
      </input_file>
      <input_file id="fl-7">
         <path>.\driverlib\MSP430FR5xx_6xx\</path>
         <kind>object</kind>
         <file>aes256.obj</file>
         <name>aes256.obj</name>
      </input_file>
      <input_file id="fl-8">
         <path>.\driverlib\MSP430FR5xx_6xx\</path>
         <kind>object</kind>
         <file>comp_e.obj</file>
         <name>comp_e.obj</name>
      </input_file>
      <input_file id="fl-9">
         <path>.\driverlib\MSP430FR5xx_6xx\</path>
         <kind>object</kind>
         <file>crc.obj</file>
         <name>crc.obj</name>
      </input_file>
      <input_file id="fl-a">
         <path>.\driverlib\MSP430FR5xx_6xx\</path>
         <kind>object</kind>
         <file>crc32.obj</file>
         <name>crc32.obj</name>
      </input_file>
      <input_file id="fl-b">
         <path>.\driverlib\MSP430FR5xx_6xx\</path>
         <kind>object</kind>
         <file>cs.obj</file>
         <name>cs.obj</name>
      </input_file>
      <input_file id="fl-c">
         <path>.\driverlib\MSP430FR5xx_6xx\</path>
         <kind>object</kind>
         <file>dma.obj</file>
         <name>dma.obj</name>
      </input_file>
      <input_file id="fl-d">
         <path>.\driverlib\MSP430FR5xx_6xx\</path>
         <kind>object</kind>
         <file>esi.obj</file>
         <name>esi.obj</name>
      </input_file>
      <input_file id="fl-e">
         <path>.\driverlib\MSP430FR5xx_6xx\</path>
         <kind>object</kind>
         <file>eusci_a_spi.obj</file>
         <name>eusci_a_spi.obj</name>
      </input_file>
      <input_file id="fl-f">
         <path>.\driverlib\MSP430FR5xx_6xx\</path>
         <kind>object</kind>
         <file>eusci_a_uart.obj</file>
         <name>eusci_a_uart.obj</name>
      </input_file>
      <input_file id="fl-10">
         <path>.\driverlib\MSP430FR5xx_6xx\</path>
         <kind>object</kind>
         <file>eusci_b_i2c.obj</file>
         <name>eusci_b_i2c.obj</name>
      </input_file>
      <input_file id="fl-11">
         <path>.\driverlib\MSP430FR5xx_6xx\</path>
         <kind>object</kind>
         <file>eusci_b_spi.obj</file>
         <name>eusci_b_spi.obj</name>
      </input_file>
      <input_file id="fl-12">
         <path>.\driverlib\MSP430FR5xx_6xx\</path>
         <kind>object</kind>
         <file>framctl.obj</file>
         <name>framctl.obj</name>
      </input_file>
      <input_file id="fl-13">
         <path>.\driverlib\MSP430FR5xx_6xx\</path>
         <kind>object</kind>
         <file>gpio.obj</file>
         <name>gpio.obj</name>
      </input_file>
      <input_file id="fl-14">
         <path>.\driverlib\MSP430FR5xx_6xx\</path>
         <kind>object</kind>
         <file>lcd_c.obj</file>
         <name>lcd_c.obj</name>
      </input_file>
      <input_file id="fl-15">
         <path>.\driverlib\MSP430FR5xx_6xx\</path>
         <kind>object</kind>
         <file>mpu.obj</file>
         <name>mpu.obj</name>
      </input_file>
      <input_file id="fl-16">
         <path>.\driverlib\MSP430FR5xx_6xx\</path>
         <kind>object</kind>
         <file>mpy32.obj</file>
         <name>mpy32.obj</name>
      </input_file>
      <input_file id="fl-17">
         <path>.\driverlib\MSP430FR5xx_6xx\</path>
         <kind>object</kind>
         <file>pmm.obj</file>
         <name>pmm.obj</name>
      </input_file>
      <input_file id="fl-18">
         <path>.\driverlib\MSP430FR5xx_6xx\</path>
         <kind>object</kind>
         <file>ram.obj</file>
         <name>ram.obj</name>
      </input_file>
      <input_file id="fl-19">
         <path>.\driverlib\MSP430FR5xx_6xx\</path>
         <kind>object</kind>
         <file>ref_a.obj</file>
         <name>ref_a.obj</name>
      </input_file>
      <input_file id="fl-1a">
         <path>.\driverlib\MSP430FR5xx_6xx\</path>
         <kind>object</kind>
         <file>rtc_b.obj</file>
         <name>rtc_b.obj</name>
      </input_file>
      <input_file id="fl-1b">
         <path>.\driverlib\MSP430FR5xx_6xx\</path>
         <kind>object</kind>
         <file>rtc_c.obj</file>
         <name>rtc_c.obj</name>
      </input_file>
      <input_file id="fl-1c">
         <path>.\driverlib\MSP430FR5xx_6xx\</path>
         <kind>object</kind>
         <file>sfr.obj</file>
         <name>sfr.obj</name>
      </input_file>
      <input_file id="fl-1d">
         <path>.\driverlib\MSP430FR5xx_6xx\</path>
         <kind>object</kind>
         <file>sysctl.obj</file>
         <name>sysctl.obj</name>
      </input_file>
      <input_file id="fl-1e">
         <path>.\driverlib\MSP430FR5xx_6xx\</path>
         <kind>object</kind>
         <file>timer_a.obj</file>
         <name>timer_a.obj</name>
      </input_file>
      <input_file id="fl-1f">
         <path>.\driverlib\MSP430FR5xx_6xx\</path>
         <kind>object</kind>
         <file>timer_b.obj</file>
         <name>timer_b.obj</name>
      </input_file>
      <input_file id="fl-20">
         <path>.\driverlib\MSP430FR5xx_6xx\</path>
         <kind>object</kind>
         <file>tlv.obj</file>
         <name>tlv.obj</name>
      </input_file>
      <input_file id="fl-21">
         <path>.\driverlib\MSP430FR5xx_6xx\</path>
         <kind>object</kind>
         <file>wdt_a.obj</file>
         <name>wdt_a.obj</name>
      </input_file>
      <input_file id="fl-22">
         <path>.\hal\</path>
         <kind>object</kind>
         <file>ring_buffer.obj</file>
         <name>ring_buffer.obj</name>
      </input_file>
      <input_file id="fl-23">
         <path>.\hal\</path>
         <kind>object</kind>
         <file>uart.obj</file>
         <name>uart.obj</name>
      </input_file>
      <input_file id="fl-2a">
         <kind>object</kind>
         <file>&lt;internal&gt;</file>
         <name>&lt;internal&gt;</name>
      </input_file>
      <input_file id="fl-4a">
         <path>C:\ti\ccs1281\ccs\tools\compiler\ti-cgt-msp430_21.6.1.LTS\lib\</path>
         <kind>archive</kind>
         <file>rts430x_lc_rd_eabi.lib</file>
         <name>copy_decompress_lzss.c.obj</name>
      </input_file>
      <input_file id="fl-4b">
         <path>C:\ti\ccs1281\ccs\tools\compiler\ti-cgt-msp430_21.6.1.LTS\lib\</path>
         <kind>archive</kind>
         <file>rts430x_lc_rd_eabi.lib</file>
         <name>copy_decompress_none.c.obj</name>
      </input_file>
      <input_file id="fl-4c">
         <path>C:\ti\ccs1281\ccs\tools\compiler\ti-cgt-msp430_21.6.1.LTS\lib\</path>
         <kind>archive</kind>
         <file>rts430x_lc_rd_eabi.lib</file>
         <name>int30.asm.obj</name>
      </input_file>
      <input_file id="fl-4d">
         <path>C:\ti\ccs1281\ccs\tools\compiler\ti-cgt-msp430_21.6.1.LTS\lib\</path>
         <kind>archive</kind>
         <file>rts430x_lc_rd_eabi.lib</file>
         <name>isr_trap.asm.obj</name>
      </input_file>
      <input_file id="fl-4e">
         <path>C:\ti\ccs1281\ccs\tools\compiler\ti-cgt-msp430_21.6.1.LTS\lib\</path>
         <kind>archive</kind>
         <file>rts430x_lc_rd_eabi.lib</file>
         <name>int31.asm.obj</name>
      </input_file>
      <input_file id="fl-4f">
         <path>C:\ti\ccs1281\ccs\tools\compiler\ti-cgt-msp430_21.6.1.LTS\lib\</path>
         <kind>archive</kind>
         <file>rts430x_lc_rd_eabi.lib</file>
         <name>int32.asm.obj</name>
      </input_file>
      <input_file id="fl-50">
         <path>C:\ti\ccs1281\ccs\tools\compiler\ti-cgt-msp430_21.6.1.LTS\lib\</path>
         <kind>archive</kind>
         <file>rts430x_lc_rd_eabi.lib</file>
         <name>int33.asm.obj</name>
      </input_file>
      <input_file id="fl-51">
         <path>C:\ti\ccs1281\ccs\tools\compiler\ti-cgt-msp430_21.6.1.LTS\lib\</path>
         <kind>archive</kind>
         <file>rts430x_lc_rd_eabi.lib</file>
         <name>int34.asm.obj</name>
      </input_file>
      <input_file id="fl-52">
         <path>C:\ti\ccs1281\ccs\tools\compiler\ti-cgt-msp430_21.6.1.LTS\lib\</path>
         <kind>archive</kind>
         <file>rts430x_lc_rd_eabi.lib</file>
         <name>int35.asm.obj</name>
      </input_file>
      <input_file id="fl-53">
         <path>C:\ti\ccs1281\ccs\tools\compiler\ti-cgt-msp430_21.6.1.LTS\lib\</path>
         <kind>archive</kind>
         <file>rts430x_lc_rd_eabi.lib</file>
         <name>int36.asm.obj</name>
      </input_file>
      <input_file id="fl-54">
         <path>C:\ti\ccs1281\ccs\tools\compiler\ti-cgt-msp430_21.6.1.LTS\lib\</path>
         <kind>archive</kind>
         <file>rts430x_lc_rd_eabi.lib</file>
         <name>int37.asm.obj</name>
      </input_file>
      <input_file id="fl-55">
         <path>C:\ti\ccs1281\ccs\tools\compiler\ti-cgt-msp430_21.6.1.LTS\lib\</path>
         <kind>archive</kind>
         <file>rts430x_lc_rd_eabi.lib</file>
         <name>int38.asm.obj</name>
      </input_file>
      <input_file id="fl-56">
         <path>C:\ti\ccs1281\ccs\tools\compiler\ti-cgt-msp430_21.6.1.LTS\lib\</path>
         <kind>archive</kind>
         <file>rts430x_lc_rd_eabi.lib</file>
         <name>int40.asm.obj</name>
      </input_file>
      <input_file id="fl-57">
         <path>C:\ti\ccs1281\ccs\tools\compiler\ti-cgt-msp430_21.6.1.LTS\lib\</path>
         <kind>archive</kind>
         <file>rts430x_lc_rd_eabi.lib</file>
         <name>int41.asm.obj</name>
      </input_file>
      <input_file id="fl-58">
         <path>C:\ti\ccs1281\ccs\tools\compiler\ti-cgt-msp430_21.6.1.LTS\lib\</path>
         <kind>archive</kind>
         <file>rts430x_lc_rd_eabi.lib</file>
         <name>int42.asm.obj</name>
      </input_file>
      <input_file id="fl-59">
         <path>C:\ti\ccs1281\ccs\tools\compiler\ti-cgt-msp430_21.6.1.LTS\lib\</path>
         <kind>archive</kind>
         <file>rts430x_lc_rd_eabi.lib</file>
         <name>int43.asm.obj</name>
      </input_file>
      <input_file id="fl-5a">
         <path>C:\ti\ccs1281\ccs\tools\compiler\ti-cgt-msp430_21.6.1.LTS\lib\</path>
         <kind>archive</kind>
         <file>rts430x_lc_rd_eabi.lib</file>
         <name>int44.asm.obj</name>
      </input_file>
      <input_file id="fl-5b">
         <path>C:\ti\ccs1281\ccs\tools\compiler\ti-cgt-msp430_21.6.1.LTS\lib\</path>
         <kind>archive</kind>
         <file>rts430x_lc_rd_eabi.lib</file>
         <name>int47.asm.obj</name>
      </input_file>
      <input_file id="fl-5c">
         <path>C:\ti\ccs1281\ccs\tools\compiler\ti-cgt-msp430_21.6.1.LTS\lib\</path>
         <kind>archive</kind>
         <file>rts430x_lc_rd_eabi.lib</file>
         <name>int49.asm.obj</name>
      </input_file>
      <input_file id="fl-5d">
         <path>C:\ti\ccs1281\ccs\tools\compiler\ti-cgt-msp430_21.6.1.LTS\lib\</path>
         <kind>archive</kind>
         <file>rts430x_lc_rd_eabi.lib</file>
         <name>int50.asm.obj</name>
      </input_file>
      <input_file id="fl-5e">
         <path>C:\ti\ccs1281\ccs\tools\compiler\ti-cgt-msp430_21.6.1.LTS\lib\</path>
         <kind>archive</kind>
         <file>rts430x_lc_rd_eabi.lib</file>
         <name>int51.asm.obj</name>
      </input_file>
      <input_file id="fl-5f">
         <path>C:\ti\ccs1281\ccs\tools\compiler\ti-cgt-msp430_21.6.1.LTS\lib\</path>
         <kind>archive</kind>
         <file>rts430x_lc_rd_eabi.lib</file>
         <name>int52.asm.obj</name>
      </input_file>
      <input_file id="fl-60">
         <path>C:\ti\ccs1281\ccs\tools\compiler\ti-cgt-msp430_21.6.1.LTS\lib\</path>
         <kind>archive</kind>
         <file>rts430x_lc_rd_eabi.lib</file>
         <name>int53.asm.obj</name>
      </input_file>
      <input_file id="fl-61">
         <path>C:\ti\ccs1281\ccs\tools\compiler\ti-cgt-msp430_21.6.1.LTS\lib\</path>
         <kind>archive</kind>
         <file>rts430x_lc_rd_eabi.lib</file>
         <name>int54.asm.obj</name>
      </input_file>
      <input_file id="fl-62">
         <path>C:\ti\ccs1281\ccs\tools\compiler\ti-cgt-msp430_21.6.1.LTS\lib\</path>
         <kind>archive</kind>
         <file>rts430x_lc_rd_eabi.lib</file>
         <name>copy_zero_init.c.obj</name>
      </input_file>
      <input_file id="fl-63">
         <path>C:\ti\ccs1281\ccs\tools\compiler\ti-cgt-msp430_21.6.1.LTS\lib\</path>
         <kind>archive</kind>
         <file>rts430x_lc_rd_eabi.lib</file>
         <name>div16s.asm.obj</name>
      </input_file>
      <input_file id="fl-64">
         <path>C:\ti\ccs1281\ccs\tools\compiler\ti-cgt-msp430_21.6.1.LTS\lib\</path>
         <kind>archive</kind>
         <file>rts430x_lc_rd_eabi.lib</file>
         <name>div32s.asm.obj</name>
      </input_file>
      <input_file id="fl-65">
         <path>C:\ti\ccs1281\ccs\tools\compiler\ti-cgt-msp430_21.6.1.LTS\lib\</path>
         <kind>archive</kind>
         <file>rts430x_lc_rd_eabi.lib</file>
         <name>div16u.asm.obj</name>
      </input_file>
      <input_file id="fl-66">
         <path>C:\ti\ccs1281\ccs\tools\compiler\ti-cgt-msp430_21.6.1.LTS\lib\</path>
         <kind>archive</kind>
         <file>rts430x_lc_rd_eabi.lib</file>
         <name>div32u.asm.obj</name>
      </input_file>
      <input_file id="fl-67">
         <path>C:\ti\ccs1281\ccs\tools\compiler\ti-cgt-msp430_21.6.1.LTS\lib\</path>
         <kind>archive</kind>
         <file>rts430x_lc_rd_eabi.lib</file>
         <name>mult16_f5hw.asm.obj</name>
      </input_file>
      <input_file id="fl-68">
         <path>C:\ti\ccs1281\ccs\tools\compiler\ti-cgt-msp430_21.6.1.LTS\lib\</path>
         <kind>archive</kind>
         <file>rts430x_lc_rd_eabi.lib</file>
         <name>mult32_f5hw.asm.obj</name>
      </input_file>
      <input_file id="fl-69">
         <path>C:\ti\ccs1281\ccs\tools\compiler\ti-cgt-msp430_21.6.1.LTS\lib\</path>
         <kind>archive</kind>
         <file>rts430x_lc_rd_eabi.lib</file>
         <name>mult64_f5hw.asm.obj</name>
      </input_file>
      <input_file id="fl-6a">
         <path>C:\ti\ccs1281\ccs\tools\compiler\ti-cgt-msp430_21.6.1.LTS\lib\</path>
         <kind>archive</kind>
         <file>rts430x_lc_rd_eabi.lib</file>
         <name>mult1632_f5hw.asm.obj</name>
      </input_file>
      <input_file id="fl-6b">
         <path>C:\ti\ccs1281\ccs\tools\compiler\ti-cgt-msp430_21.6.1.LTS\lib\</path>
         <kind>archive</kind>
         <file>rts430x_lc_rd_eabi.lib</file>
         <name>mult3264_f5hw.asm.obj</name>
      </input_file>
      <input_file id="fl-6c">
         <path>C:\ti\ccs1281\ccs\tools\compiler\ti-cgt-msp430_21.6.1.LTS\lib\</path>
         <kind>archive</kind>
         <file>rts430x_lc_rd_eabi.lib</file>
         <name>lsl16.asm.obj</name>
      </input_file>
      <input_file id="fl-6d">
         <path>C:\ti\ccs1281\ccs\tools\compiler\ti-cgt-msp430_21.6.1.LTS\lib\</path>
         <kind>archive</kind>
         <file>rts430x_lc_rd_eabi.lib</file>
         <name>boot.c.obj</name>
      </input_file>
      <input_file id="fl-6e">
         <path>C:\ti\ccs1281\ccs\ccs_base\msp430\lib\FR59xx\</path>
         <kind>archive</kind>
         <file>MSPMPU_INIT_LIB_CCS_msp430_large_code_restricted_data.lib</file>
         <name>mpu_init.o</name>
      </input_file>
      <input_file id="fl-6f">
         <path>C:\ti\ccs1281\ccs\tools\compiler\ti-cgt-msp430_21.6.1.LTS\lib\</path>
         <kind>archive</kind>
         <file>rts430x_lc_rd_eabi.lib</file>
         <name>args_main.c.obj</name>
      </input_file>
      <input_file id="fl-70">
         <path>C:\ti\ccs1281\ccs\tools\compiler\ti-cgt-msp430_21.6.1.LTS\lib\</path>
         <kind>archive</kind>
         <file>rts430x_lc_rd_eabi.lib</file>
         <name>autoinit.c.obj</name>
      </input_file>
      <input_file id="fl-71">
         <path>C:\ti\ccs1281\ccs\tools\compiler\ti-cgt-msp430_21.6.1.LTS\lib\</path>
         <kind>archive</kind>
         <file>rts430x_lc_rd_eabi.lib</file>
         <name>startup.c.obj</name>
      </input_file>
      <input_file id="fl-72">
         <path>C:\ti\ccs1281\ccs\tools\compiler\ti-cgt-msp430_21.6.1.LTS\lib\</path>
         <kind>archive</kind>
         <file>rts430x_lc_rd_eabi.lib</file>
         <name>cpy_tbl.c.obj</name>
      </input_file>
      <input_file id="fl-73">
         <path>C:\ti\ccs1281\ccs\tools\compiler\ti-cgt-msp430_21.6.1.LTS\lib\</path>
         <kind>archive</kind>
         <file>rts430x_lc_rd_eabi.lib</file>
         <name>mult16.asm.obj</name>
      </input_file>
      <input_file id="fl-74">
         <path>C:\ti\ccs1281\ccs\tools\compiler\ti-cgt-msp430_21.6.1.LTS\lib\</path>
         <kind>archive</kind>
         <file>rts430x_lc_rd_eabi.lib</file>
         <name>exit.c.obj</name>
      </input_file>
      <input_file id="fl-75">
         <path>C:\ti\ccs1281\ccs\tools\compiler\ti-cgt-msp430_21.6.1.LTS\lib\</path>
         <kind>archive</kind>
         <file>rts430x_lc_rd_eabi.lib</file>
         <name>exit_gvars.c.obj</name>
      </input_file>
      <input_file id="fl-76">
         <path>C:\ti\ccs1281\ccs\tools\compiler\ti-cgt-msp430_21.6.1.LTS\lib\</path>
         <kind>archive</kind>
         <file>rts430x_lc_rd_eabi.lib</file>
         <name>_lock.c.obj</name>
      </input_file>
      <input_file id="fl-77">
         <path>C:\ti\ccs1281\ccs\tools\compiler\ti-cgt-msp430_21.6.1.LTS\lib\</path>
         <kind>archive</kind>
         <file>rts430x_lc_rd_eabi.lib</file>
         <name>memcpy.c.obj</name>
      </input_file>
   </input_file_list>
   <object_component_list>
      <object_component id="oc-7ac">
         <name>__TI_handler_table</name>
         <load_address>0x451a</load_address>
         <run_address>0x451a</run_address>
         <size>0xc</size>
      </object_component>
      <object_component id="oc-7af">
         <name>.cinit..data.load</name>
         <load_address>0x4526</load_address>
         <run_address>0x4526</run_address>
         <size>0xb</size>
      </object_component>
      <object_component id="oc-7ae">
         <name>.cinit..bss.load</name>
         <load_address>0x4532</load_address>
         <run_address>0x4532</run_address>
         <size>0x6</size>
      </object_component>
      <object_component id="oc-7ad">
         <name>__TI_cinit_table</name>
         <load_address>0x4538</load_address>
         <run_address>0x4538</run_address>
         <size>0x10</size>
      </object_component>
      <object_component id="oc-73d">
         <name>.binit</name>
         <load_address>0x4400</load_address>
         <run_address>0x4400</run_address>
         <size>0x0</size>
      </object_component>
      <object_component id="oc-574">
         <name>.const:GPIO_PORT_TO_BASE</name>
         <load_address>0x44c2</load_address>
         <run_address>0x44c2</run_address>
         <size>0x1c</size>
         <input_file_ref idref="fl-13"/>
      </object_component>
      <object_component id="oc-63e">
         <name>.const:$P$T0$1</name>
         <load_address>0x44de</load_address>
         <run_address>0x44de</run_address>
         <size>0x10</size>
         <input_file_ref idref="fl-23"/>
      </object_component>
      <object_component id="oc-5db">
         <name>.const:$P$T2$3</name>
         <load_address>0x44ee</load_address>
         <run_address>0x44ee</run_address>
         <size>0xe</size>
         <input_file_ref idref="fl-2"/>
      </object_component>
      <object_component id="oc-599">
         <name>.const:$P$T0$1</name>
         <load_address>0x44fc</load_address>
         <run_address>0x44fc</run_address>
         <size>0xa</size>
         <input_file_ref idref="fl-2"/>
      </object_component>
      <object_component id="oc-5ae">
         <name>.const:$P$T1$2</name>
         <load_address>0x4506</load_address>
         <run_address>0x4506</run_address>
         <size>0xa</size>
         <input_file_ref idref="fl-2"/>
      </object_component>
      <object_component id="oc-500">
         <name>.const:.string:$P$T0$1</name>
         <load_address>0x4510</load_address>
         <run_address>0x4510</run_address>
         <size>0xa</size>
         <input_file_ref idref="fl-5"/>
      </object_component>
      <object_component id="oc-3e4">
         <name>.text:_isr:USCI_A0_ISR</name>
         <load_address>0x4400</load_address>
         <run_address>0x4400</run_address>
         <size>0x56</size>
         <input_file_ref idref="fl-5"/>
      </object_component>
      <object_component id="oc-3de">
         <name>.text:_isr:ADC12_ISR</name>
         <load_address>0x4456</load_address>
         <run_address>0x4456</run_address>
         <size>0x2a</size>
         <input_file_ref idref="fl-5"/>
      </object_component>
      <object_component id="oc-414">
         <name>.text:_isr:_c_int00_noargs_mpu</name>
         <load_address>0x4480</load_address>
         <run_address>0x4480</run_address>
         <size>0x20</size>
         <input_file_ref idref="fl-6d"/>
      </object_component>
      <object_component id="oc-3d2">
         <name>.text:_isr:Port_1</name>
         <load_address>0x44a0</load_address>
         <run_address>0x44a0</run_address>
         <size>0x12</size>
         <input_file_ref idref="fl-5"/>
      </object_component>
      <object_component id="oc-3d8">
         <name>.text:_isr:TIMER0_A0_ISR</name>
         <load_address>0x44b2</load_address>
         <run_address>0x44b2</run_address>
         <size>0x8</size>
         <input_file_ref idref="fl-5"/>
      </object_component>
      <object_component id="oc-3cd">
         <name>.text:_isr:__TI_ISR_TRAP</name>
         <load_address>0x44ba</load_address>
         <run_address>0x44ba</run_address>
         <size>0x8</size>
         <input_file_ref idref="fl-4d"/>
      </object_component>
      <object_component id="oc-4e2">
         <name>.text:framLog</name>
         <load_address>0x10000</load_address>
         <run_address>0x10000</run_address>
         <size>0x226</size>
         <input_file_ref idref="fl-2"/>
      </object_component>
      <object_component id="oc-473">
         <name>.text:main</name>
         <load_address>0x10226</load_address>
         <run_address>0x10226</run_address>
         <size>0x1e6</size>
         <input_file_ref idref="fl-5"/>
      </object_component>
      <object_component id="oc-509">
         <name>.text:uart_get_ccsds_pkt</name>
         <load_address>0x1040c</load_address>
         <run_address>0x1040c</run_address>
         <size>0xbe</size>
         <input_file_ref idref="fl-4"/>
      </object_component>
      <object_component id="oc-641">
         <name>.text:EUSCI_A_UART_init</name>
         <load_address>0x104ca</load_address>
         <run_address>0x104ca</run_address>
         <size>0x9a</size>
         <input_file_ref idref="fl-f"/>
      </object_component>
      <object_component id="oc-59c">
         <name>.text:ADC12_B_init</name>
         <load_address>0x10564</load_address>
         <run_address>0x10564</run_address>
         <size>0x98</size>
         <input_file_ref idref="fl-6"/>
      </object_component>
      <object_component id="oc-4ca">
         <name>.text:Init_GPIO</name>
         <load_address>0x105fc</load_address>
         <run_address>0x105fc</run_address>
         <size>0x96</size>
         <input_file_ref idref="fl-5"/>
      </object_component>
      <object_component id="oc-4f4">
         <name>.text:Init_UART</name>
         <load_address>0x10692</load_address>
         <run_address>0x10692</run_address>
         <size>0x82</size>
         <input_file_ref idref="fl-23"/>
      </object_component>
      <object_component id="oc-5de">
         <name>.text:Timer_A_initUpMode</name>
         <load_address>0x10714</load_address>
         <run_address>0x10714</run_address>
         <size>0x7c</size>
         <input_file_ref idref="fl-1e"/>
      </object_component>
      <object_component id="oc-76">
         <name>.text:decompress:lzss:__TI_decompress_lzss</name>
         <load_address>0x10790</load_address>
         <run_address>0x10790</run_address>
         <size>0x76</size>
         <input_file_ref idref="fl-4a"/>
      </object_component>
      <object_component id="oc-567">
         <name>.text:GPIO_setAsPeripheralModuleFunctionInputPin</name>
         <load_address>0x10806</load_address>
         <run_address>0x10806</run_address>
         <size>0x72</size>
         <input_file_ref idref="fl-13"/>
      </object_component>
      <object_component id="oc-4fa">
         <name>.text:GPIO_setAsPeripheralModuleFunctionOutputPin</name>
         <load_address>0x10878</load_address>
         <run_address>0x10878</run_address>
         <size>0x72</size>
         <input_file_ref idref="fl-13"/>
      </object_component>
      <object_component id="oc-57a">
         <name>.text:RTC_B_initCalendar</name>
         <load_address>0x108ea</load_address>
         <run_address>0x108ea</run_address>
         <size>0x68</size>
         <input_file_ref idref="fl-1a"/>
      </object_component>
      <object_component id="oc-62b">
         <name>.text:CS_initClockSignal</name>
         <load_address>0x10952</load_address>
         <run_address>0x10952</run_address>
         <size>0x66</size>
         <input_file_ref idref="fl-b"/>
      </object_component>
      <object_component id="oc-4dc">
         <name>.text:Init_RTC</name>
         <load_address>0x109b8</load_address>
         <run_address>0x109b8</run_address>
         <size>0x60</size>
         <input_file_ref idref="fl-5"/>
      </object_component>
      <object_component id="oc-53f">
         <name>.text:__TI_auto_init_nobinit_nopinit_hold_wdt:__TI_auto_init_nobinit_nopinit_hold_wdt</name>
         <load_address>0x10a18</load_address>
         <run_address>0x10a18</run_address>
         <size>0x54</size>
         <input_file_ref idref="fl-70"/>
      </object_component>
      <object_component id="oc-5b1">
         <name>.text:ADC12_B_configureMemory</name>
         <load_address>0x10a6c</load_address>
         <run_address>0x10a6c</run_address>
         <size>0x4c</size>
         <input_file_ref idref="fl-6"/>
      </object_component>
      <object_component id="oc-601">
         <name>.text:GPIO_setAsInputPinWithPullUpResistor</name>
         <load_address>0x10ab8</load_address>
         <run_address>0x10ab8</run_address>
         <size>0x4a</size>
         <input_file_ref idref="fl-13"/>
      </object_component>
      <object_component id="oc-65d">
         <name>.text:uart_putc</name>
         <load_address>0x10b02</load_address>
         <run_address>0x10b02</run_address>
         <size>0x4a</size>
         <input_file_ref idref="fl-23"/>
      </object_component>
      <object_component id="oc-4ee">
         <name>.text:Init_Clock</name>
         <load_address>0x10b4c</load_address>
         <run_address>0x10b4c</run_address>
         <size>0x42</size>
         <input_file_ref idref="fl-5"/>
      </object_component>
      <object_component id="oc-5ea">
         <name>.text:ADC12_B_startConversion</name>
         <load_address>0x10b8e</load_address>
         <run_address>0x10b8e</run_address>
         <size>0x3e</size>
         <input_file_ref idref="fl-6"/>
      </object_component>
      <object_component id="oc-631">
         <name>.text:CS_turnOnLFXT</name>
         <load_address>0x10bcc</load_address>
         <run_address>0x10bcc</run_address>
         <size>0x3a</size>
         <input_file_ref idref="fl-b"/>
      </object_component>
      <object_component id="oc-561">
         <name>.text:GPIO_setAsOutputPin</name>
         <load_address>0x10c06</load_address>
         <run_address>0x10c06</run_address>
         <size>0x34</size>
         <input_file_ref idref="fl-13"/>
      </object_component>
      <object_component id="oc-503">
         <name>.text:uart_puts</name>
         <load_address>0x10c3a</load_address>
         <run_address>0x10c3a</run_address>
         <size>0x32</size>
         <input_file_ref idref="fl-23"/>
      </object_component>
      <object_component id="oc-454">
         <name>.text:RingBuffer_Write</name>
         <load_address>0x10c6c</load_address>
         <run_address>0x10c6c</run_address>
         <size>0x30</size>
         <input_file_ref idref="fl-22"/>
      </object_component>
      <object_component id="oc-5fb">
         <name>.text:GPIO_selectInterruptEdge</name>
         <load_address>0x10c9c</load_address>
         <run_address>0x10c9c</run_address>
         <size>0x2e</size>
         <input_file_ref idref="fl-13"/>
      </object_component>
      <object_component id="oc-58c">
         <name>.text:RTC_B_enableInterrupt</name>
         <load_address>0x10cca</load_address>
         <run_address>0x10cca</run_address>
         <size>0x2e</size>
         <input_file_ref idref="fl-1a"/>
      </object_component>
      <object_component id="oc-586">
         <name>.text:RTC_B_clearInterrupt</name>
         <load_address>0x10cf8</load_address>
         <run_address>0x10cf8</run_address>
         <size>0x2c</size>
         <input_file_ref idref="fl-1a"/>
      </object_component>
      <object_component id="oc-485">
         <name>.text:__mpu_init</name>
         <load_address>0x10d24</load_address>
         <run_address>0x10d24</run_address>
         <size>0x2c</size>
         <input_file_ref idref="fl-6e"/>
      </object_component>
      <object_component id="oc-441">
         <name>.text:RingBuffer_Read</name>
         <load_address>0x10d50</load_address>
         <run_address>0x10d50</run_address>
         <size>0x2a</size>
         <input_file_ref idref="fl-22"/>
      </object_component>
      <object_component id="oc-5a8">
         <name>.text:ADC12_B_setupSamplingTimer</name>
         <load_address>0x10d7a</load_address>
         <run_address>0x10d7a</run_address>
         <size>0x26</size>
         <input_file_ref idref="fl-6"/>
      </object_component>
      <object_component id="oc-5bd">
         <name>.text:ADC12_B_enableInterrupt</name>
         <load_address>0x10da0</load_address>
         <run_address>0x10da0</run_address>
         <size>0x24</size>
         <input_file_ref idref="fl-6"/>
      </object_component>
      <object_component id="oc-3ea">
         <name>.text:decompress:ZI:__TI_zero_init_nomemset:__TI_zero_init_nomemset</name>
         <load_address>0x10dc4</load_address>
         <run_address>0x10dc4</run_address>
         <size>0x24</size>
         <input_file_ref idref="fl-62"/>
      </object_component>
      <object_component id="oc-447">
         <name>.text:EUSCI_A_UART_disableInterrupt</name>
         <load_address>0x10de8</load_address>
         <run_address>0x10de8</run_address>
         <size>0x22</size>
         <input_file_ref idref="fl-f"/>
      </object_component>
      <object_component id="oc-653">
         <name>.text:EUSCI_A_UART_enableInterrupt</name>
         <load_address>0x10e0a</load_address>
         <run_address>0x10e0a</run_address>
         <size>0x22</size>
         <input_file_ref idref="fl-f"/>
      </object_component>
      <object_component id="oc-44d">
         <name>.text:EUSCI_A_UART_receiveData</name>
         <load_address>0x10e2c</load_address>
         <run_address>0x10e2c</run_address>
         <size>0x20</size>
         <input_file_ref idref="fl-f"/>
      </object_component>
      <object_component id="oc-4c3">
         <name>.text:WDT_A_hold</name>
         <load_address>0x10e4c</load_address>
         <run_address>0x10e4c</run_address>
         <size>0x20</size>
         <input_file_ref idref="fl-21"/>
      </object_component>
      <object_component id="oc-4e8">
         <name>.text:GPIO_clearInterrupt</name>
         <load_address>0x10e6c</load_address>
         <run_address>0x10e6c</run_address>
         <size>0x1e</size>
         <input_file_ref idref="fl-13"/>
      </object_component>
      <object_component id="oc-607">
         <name>.text:GPIO_enableInterrupt</name>
         <load_address>0x10e8a</load_address>
         <run_address>0x10e8a</run_address>
         <size>0x1e</size>
         <input_file_ref idref="fl-13"/>
      </object_component>
      <object_component id="oc-4d0">
         <name>.text:GPIO_setOutputHighOnPin</name>
         <load_address>0x10ea8</load_address>
         <run_address>0x10ea8</run_address>
         <size>0x1c</size>
         <input_file_ref idref="fl-13"/>
      </object_component>
      <object_component id="oc-512">
         <name>.text:GPIO_setOutputLowOnPin</name>
         <load_address>0x10ec4</load_address>
         <run_address>0x10ec4</run_address>
         <size>0x1c</size>
         <input_file_ref idref="fl-13"/>
      </object_component>
      <object_component id="oc-4d6">
         <name>.text:GPIO_toggleOutputOnPin</name>
         <load_address>0x10ee0</load_address>
         <run_address>0x10ee0</run_address>
         <size>0x1c</size>
         <input_file_ref idref="fl-13"/>
      </object_component>
      <object_component id="oc-4b5">
         <name>.text:RingBuffer_IsFull</name>
         <load_address>0x10efc</load_address>
         <run_address>0x10efc</run_address>
         <size>0x1a</size>
         <input_file_ref idref="fl-22"/>
      </object_component>
      <object_component id="oc-664">
         <name>.text:uart_getc</name>
         <load_address>0x10f16</load_address>
         <run_address>0x10f16</run_address>
         <size>0x1a</size>
         <input_file_ref idref="fl-23"/>
      </object_component>
      <object_component id="oc-5b7">
         <name>.text:ADC12_B_clearInterrupt</name>
         <load_address>0x10f30</load_address>
         <run_address>0x10f30</run_address>
         <size>0x14</size>
         <input_file_ref idref="fl-6"/>
      </object_component>
      <object_component id="oc-3c0">
         <name>.text:memcpy</name>
         <load_address>0x10f44</load_address>
         <run_address>0x10f44</run_address>
         <size>0x14</size>
         <input_file_ref idref="fl-77"/>
      </object_component>
      <object_component id="oc-61f">
         <name>.text:CS_setDCOFreq</name>
         <load_address>0x10f58</load_address>
         <run_address>0x10f58</run_address>
         <size>0x12</size>
         <input_file_ref idref="fl-b"/>
      </object_component>
      <object_component id="oc-625">
         <name>.text:CS_setExternalClockSource</name>
         <load_address>0x10f6a</load_address>
         <run_address>0x10f6a</run_address>
         <size>0x12</size>
         <input_file_ref idref="fl-b"/>
      </object_component>
      <object_component id="oc-60d">
         <name>.text:PMM_turnOffRegulator</name>
         <load_address>0x10f7c</load_address>
         <run_address>0x10f7c</run_address>
         <size>0x12</size>
         <input_file_ref idref="fl-17"/>
      </object_component>
      <object_component id="oc-7c">
         <name>.text:decompress:none:__TI_decompress_none</name>
         <load_address>0x10f8e</load_address>
         <run_address>0x10f8e</run_address>
         <size>0x12</size>
         <input_file_ref idref="fl-4b"/>
      </object_component>
      <object_component id="oc-4ab">
         <name>.text:RingBuffer_IsEmpty</name>
         <load_address>0x10fa0</load_address>
         <run_address>0x10fa0</run_address>
         <size>0x10</size>
         <input_file_ref idref="fl-22"/>
      </object_component>
      <object_component id="oc-64d">
         <name>.text:EUSCI_A_UART_clearInterrupt</name>
         <load_address>0x10fb0</load_address>
         <run_address>0x10fb0</run_address>
         <size>0xe</size>
         <input_file_ref idref="fl-f"/>
      </object_component>
      <object_component id="oc-5f0">
         <name>.text:ADC12_B_disable</name>
         <load_address>0x10fbe</load_address>
         <run_address>0x10fbe</run_address>
         <size>0xc</size>
         <input_file_ref idref="fl-6"/>
      </object_component>
      <object_component id="oc-5a2">
         <name>.text:ADC12_B_enable</name>
         <load_address>0x10fca</load_address>
         <run_address>0x10fca</run_address>
         <size>0xc</size>
         <input_file_ref idref="fl-6"/>
      </object_component>
      <object_component id="oc-580">
         <name>.text:RTC_B_setCalendarEvent</name>
         <load_address>0x10fd6</load_address>
         <run_address>0x10fd6</run_address>
         <size>0xc</size>
         <input_file_ref idref="fl-1a"/>
      </object_component>
      <object_component id="oc-592">
         <name>.text:RTC_B_startClock</name>
         <load_address>0x10fe2</load_address>
         <run_address>0x10fe2</run_address>
         <size>0xc</size>
         <input_file_ref idref="fl-1a"/>
      </object_component>
      <object_component id="oc-5cf">
         <name>.text:Ref_A_setReferenceVoltage</name>
         <load_address>0x10fee</load_address>
         <run_address>0x10fee</run_address>
         <size>0xc</size>
         <input_file_ref idref="fl-19"/>
      </object_component>
      <object_component id="oc-46d">
         <name>.text:_system_pre_init</name>
         <load_address>0x10ffa</load_address>
         <run_address>0x10ffa</run_address>
         <size>0xc</size>
         <input_file_ref idref="fl-5"/>
      </object_component>
      <object_component id="oc-6ee">
         <name>.text:EUSCI_A_UART_getInterruptEnableStatus</name>
         <load_address>0x11006</load_address>
         <run_address>0x11006</run_address>
         <size>0xa</size>
         <input_file_ref idref="fl-f"/>
      </object_component>
      <object_component id="oc-5c3">
         <name>.text:Ref_A_isRefGenBusy</name>
         <load_address>0x11010</load_address>
         <run_address>0x11010</run_address>
         <size>0xa</size>
         <input_file_ref idref="fl-19"/>
      </object_component>
      <object_component id="oc-638">
         <name>.text:RingBuffer_Init</name>
         <load_address>0x1101a</load_address>
         <run_address>0x1101a</run_address>
         <size>0xa</size>
         <input_file_ref idref="fl-22"/>
      </object_component>
      <object_component id="oc-5e4">
         <name>.text:Timer_A_stop</name>
         <load_address>0x11024</load_address>
         <run_address>0x11024</run_address>
         <size>0x8</size>
         <input_file_ref idref="fl-1e"/>
      </object_component>
      <object_component id="oc-647">
         <name>.text:EUSCI_A_UART_enable</name>
         <load_address>0x1102c</load_address>
         <run_address>0x1102c</run_address>
         <size>0x6</size>
         <input_file_ref idref="fl-f"/>
      </object_component>
      <object_component id="oc-56d">
         <name>.text:PMM_unlockLPM5</name>
         <load_address>0x11032</load_address>
         <run_address>0x11032</run_address>
         <size>0x6</size>
         <input_file_ref idref="fl-17"/>
      </object_component>
      <object_component id="oc-5d5">
         <name>.text:Ref_A_enableReferenceVoltage</name>
         <load_address>0x11038</load_address>
         <run_address>0x11038</run_address>
         <size>0x6</size>
         <input_file_ref idref="fl-19"/>
      </object_component>
      <object_component id="oc-5c9">
         <name>.text:Ref_A_enableTempSensor</name>
         <load_address>0x1103e</load_address>
         <run_address>0x1103e</run_address>
         <size>0x6</size>
         <input_file_ref idref="fl-19"/>
      </object_component>
      <object_component id="oc-51b">
         <name>.text:abort</name>
         <load_address>0x11044</load_address>
         <run_address>0x11044</run_address>
         <size>0x6</size>
         <input_file_ref idref="fl-74"/>
      </object_component>
      <object_component id="oc-694">
         <name>.text:_system_post_cinit</name>
         <load_address>0x1104a</load_address>
         <run_address>0x1104a</run_address>
         <size>0x2</size>
         <input_file_ref idref="fl-71"/>
      </object_component>
      <object_component id="oc-5f9">
         <name>.common:FRAM_TEMP_write_ptr</name>
         <uninitialized>true</uninitialized>
         <run_address>0x1d64</run_address>
         <size>0x4</size>
      </object_component>
      <object_component id="oc-5fa">
         <name>.common:FRAM_BAT_write_ptr</name>
         <uninitialized>true</uninitialized>
         <run_address>0x1d60</run_address>
         <size>0x4</size>
      </object_component>
      <object_component id="oc-50f">
         <name>.common:ccsds_pkt</name>
         <uninitialized>true</uninitialized>
         <run_address>0x1c00</run_address>
         <size>0x114</size>
      </object_component>
      <object_component id="oc-66a">
         <name>.common:state</name>
         <uninitialized>true</uninitialized>
         <run_address>0x1d6c</run_address>
         <size>0x2</size>
      </object_component>
      <object_component id="oc-66b">
         <name>.common:bytes_received</name>
         <uninitialized>true</uninitialized>
         <run_address>0x1d68</run_address>
         <size>0x2</size>
      </object_component>
      <object_component id="oc-66c">
         <name>.common:data_length</name>
         <uninitialized>true</uninitialized>
         <run_address>0x1d6a</run_address>
         <size>0x2</size>
      </object_component>
      <object_component id="oc-579">
         <name>.common:calendar</name>
         <uninitialized>true</uninitialized>
         <run_address>0x1d58</run_address>
         <size>0x8</size>
      </object_component>
      <object_component id="oc-43e">
         <name>.common:txBuffer</name>
         <uninitialized>true</uninitialized>
         <run_address>0x1d36</run_address>
         <size>0x22</size>
      </object_component>
      <object_component id="oc-453">
         <name>.common:rxBuffer</name>
         <uninitialized>true</uninitialized>
         <run_address>0x1d14</run_address>
         <size>0x22</size>
      </object_component>
      <object_component id="oc-5f6">
         <name>.data</name>
         <load_address>0x1d80</load_address>
         <run_address>0x1d80</run_address>
         <size>0x4</size>
         <input_file_ref idref="fl-2"/>
      </object_component>
      <object_component id="oc-438">
         <name>.data</name>
         <load_address>0x1d6e</load_address>
         <run_address>0x1d6e</run_address>
         <size>0xa</size>
         <input_file_ref idref="fl-5"/>
      </object_component>
      <object_component id="oc-6e0">
         <name>.data</name>
         <load_address>0x1d78</load_address>
         <run_address>0x1d78</run_address>
         <size>0x8</size>
         <input_file_ref idref="fl-b"/>
      </object_component>
      <object_component id="oc-3b1">
         <name>.stack</name>
         <uninitialized>true</uninitialized>
         <run_address>0x2360</run_address>
         <size>0x4</size>
         <input_file_ref idref="fl-6d"/>
      </object_component>
      <object_component id="oc-7b0">
         <name>.stack</name>
         <uninitialized>true</uninitialized>
         <run_address>0x2360</run_address>
         <size>0x0</size>
      </object_component>
      <object_component id="oc-82">
         <name>.int30</name>
         <load_address>0xffcc</load_address>
         <run_address>0xffcc</run_address>
         <size>0x2</size>
         <input_file_ref idref="fl-4c"/>
      </object_component>
      <object_component id="oc-83">
         <name>.int31</name>
         <load_address>0xffce</load_address>
         <run_address>0xffce</run_address>
         <size>0x2</size>
         <input_file_ref idref="fl-4e"/>
      </object_component>
      <object_component id="oc-84">
         <name>.int32</name>
         <load_address>0xffd0</load_address>
         <run_address>0xffd0</run_address>
         <size>0x2</size>
         <input_file_ref idref="fl-4f"/>
      </object_component>
      <object_component id="oc-85">
         <name>.int33</name>
         <load_address>0xffd2</load_address>
         <run_address>0xffd2</run_address>
         <size>0x2</size>
         <input_file_ref idref="fl-50"/>
      </object_component>
      <object_component id="oc-86">
         <name>.int34</name>
         <load_address>0xffd4</load_address>
         <run_address>0xffd4</run_address>
         <size>0x2</size>
         <input_file_ref idref="fl-51"/>
      </object_component>
      <object_component id="oc-87">
         <name>.int35</name>
         <load_address>0xffd6</load_address>
         <run_address>0xffd6</run_address>
         <size>0x2</size>
         <input_file_ref idref="fl-52"/>
      </object_component>
      <object_component id="oc-88">
         <name>.int36</name>
         <load_address>0xffd8</load_address>
         <run_address>0xffd8</run_address>
         <size>0x2</size>
         <input_file_ref idref="fl-53"/>
      </object_component>
      <object_component id="oc-89">
         <name>.int37</name>
         <load_address>0xffda</load_address>
         <run_address>0xffda</run_address>
         <size>0x2</size>
         <input_file_ref idref="fl-54"/>
      </object_component>
      <object_component id="oc-8a">
         <name>.int38</name>
         <load_address>0xffdc</load_address>
         <run_address>0xffdc</run_address>
         <size>0x2</size>
         <input_file_ref idref="fl-55"/>
      </object_component>
      <object_component id="oc-8b">
         <name>.int39</name>
         <load_address>0xffde</load_address>
         <run_address>0xffde</run_address>
         <size>0x2</size>
         <input_file_ref idref="fl-5"/>
      </object_component>
      <object_component id="oc-8c">
         <name>.int40</name>
         <load_address>0xffe0</load_address>
         <run_address>0xffe0</run_address>
         <size>0x2</size>
         <input_file_ref idref="fl-56"/>
      </object_component>
      <object_component id="oc-8d">
         <name>.int41</name>
         <load_address>0xffe2</load_address>
         <run_address>0xffe2</run_address>
         <size>0x2</size>
         <input_file_ref idref="fl-57"/>
      </object_component>
      <object_component id="oc-8e">
         <name>.int42</name>
         <load_address>0xffe4</load_address>
         <run_address>0xffe4</run_address>
         <size>0x2</size>
         <input_file_ref idref="fl-58"/>
      </object_component>
      <object_component id="oc-8f">
         <name>.int43</name>
         <load_address>0xffe6</load_address>
         <run_address>0xffe6</run_address>
         <size>0x2</size>
         <input_file_ref idref="fl-59"/>
      </object_component>
      <object_component id="oc-90">
         <name>.int44</name>
         <load_address>0xffe8</load_address>
         <run_address>0xffe8</run_address>
         <size>0x2</size>
         <input_file_ref idref="fl-5a"/>
      </object_component>
      <object_component id="oc-91">
         <name>.int45</name>
         <load_address>0xffea</load_address>
         <run_address>0xffea</run_address>
         <size>0x2</size>
         <input_file_ref idref="fl-5"/>
      </object_component>
      <object_component id="oc-92">
         <name>.int46</name>
         <load_address>0xffec</load_address>
         <run_address>0xffec</run_address>
         <size>0x2</size>
         <input_file_ref idref="fl-5"/>
      </object_component>
      <object_component id="oc-93">
         <name>.int47</name>
         <load_address>0xffee</load_address>
         <run_address>0xffee</run_address>
         <size>0x2</size>
         <input_file_ref idref="fl-5b"/>
      </object_component>
      <object_component id="oc-94">
         <name>.int48</name>
         <load_address>0xfff0</load_address>
         <run_address>0xfff0</run_address>
         <size>0x2</size>
         <input_file_ref idref="fl-5"/>
      </object_component>
      <object_component id="oc-95">
         <name>.int49</name>
         <load_address>0xfff2</load_address>
         <run_address>0xfff2</run_address>
         <size>0x2</size>
         <input_file_ref idref="fl-5c"/>
      </object_component>
      <object_component id="oc-96">
         <name>.int50</name>
         <load_address>0xfff4</load_address>
         <run_address>0xfff4</run_address>
         <size>0x2</size>
         <input_file_ref idref="fl-5d"/>
      </object_component>
      <object_component id="oc-97">
         <name>.int51</name>
         <load_address>0xfff6</load_address>
         <run_address>0xfff6</run_address>
         <size>0x2</size>
         <input_file_ref idref="fl-5e"/>
      </object_component>
      <object_component id="oc-98">
         <name>.int52</name>
         <load_address>0xfff8</load_address>
         <run_address>0xfff8</run_address>
         <size>0x2</size>
         <input_file_ref idref="fl-5f"/>
      </object_component>
      <object_component id="oc-99">
         <name>.int53</name>
         <load_address>0xfffa</load_address>
         <run_address>0xfffa</run_address>
         <size>0x2</size>
         <input_file_ref idref="fl-60"/>
      </object_component>
      <object_component id="oc-9a">
         <name>.int54</name>
         <load_address>0xfffc</load_address>
         <run_address>0xfffc</run_address>
         <size>0x2</size>
         <input_file_ref idref="fl-61"/>
      </object_component>
      <object_component id="oc-3b4">
         <name>.reset</name>
         <load_address>0xfffe</load_address>
         <run_address>0xfffe</run_address>
         <size>0x2</size>
         <input_file_ref idref="fl-6d"/>
      </object_component>
      <object_component id="oc-55a">
         <name>.debug_info</name>
         <load_address>0x0</load_address>
         <run_address>0x0</run_address>
         <size>0x993</size>
         <input_file_ref idref="fl-2"/>
      </object_component>
      <object_component id="oc-5f7">
         <name>.debug_info</name>
         <load_address>0x993</load_address>
         <run_address>0x993</run_address>
         <size>0xd7</size>
         <input_file_ref idref="fl-2"/>
      </object_component>
      <object_component id="oc-59a">
         <name>.debug_info</name>
         <load_address>0xa6a</load_address>
         <run_address>0xa6a</run_address>
         <size>0xc8</size>
         <input_file_ref idref="fl-2"/>
      </object_component>
      <object_component id="oc-5af">
         <name>.debug_info</name>
         <load_address>0xb32</load_address>
         <run_address>0xb32</run_address>
         <size>0xc8</size>
         <input_file_ref idref="fl-2"/>
      </object_component>
      <object_component id="oc-5dc">
         <name>.debug_info</name>
         <load_address>0xbfa</load_address>
         <run_address>0xbfa</run_address>
         <size>0xc8</size>
         <input_file_ref idref="fl-2"/>
      </object_component>
      <object_component id="oc-4e3">
         <name>.debug_info</name>
         <load_address>0xcc2</load_address>
         <run_address>0xcc2</run_address>
         <size>0x3db</size>
         <input_file_ref idref="fl-2"/>
      </object_component>
      <object_component id="oc-4a6">
         <name>.debug_info</name>
         <load_address>0x109d</load_address>
         <run_address>0x109d</run_address>
         <size>0x26b</size>
         <input_file_ref idref="fl-2"/>
      </object_component>
      <object_component id="oc-619">
         <name>.debug_info</name>
         <load_address>0x1308</load_address>
         <run_address>0x1308</run_address>
         <size>0x131</size>
         <input_file_ref idref="fl-2"/>
      </object_component>
      <object_component id="oc-67d">
         <name>.debug_info</name>
         <load_address>0x1439</load_address>
         <run_address>0x1439</run_address>
         <size>0x131</size>
         <input_file_ref idref="fl-2"/>
      </object_component>
      <object_component id="oc-4a1">
         <name>.debug_info</name>
         <load_address>0x156a</load_address>
         <run_address>0x156a</run_address>
         <size>0xee</size>
         <input_file_ref idref="fl-2"/>
      </object_component>
      <object_component id="oc-614">
         <name>.debug_info</name>
         <load_address>0x1658</load_address>
         <run_address>0x1658</run_address>
         <size>0x392</size>
         <input_file_ref idref="fl-2"/>
      </object_component>
      <object_component id="oc-45b">
         <name>.debug_info</name>
         <load_address>0x19ea</load_address>
         <run_address>0x19ea</run_address>
         <size>0x8b</size>
         <input_file_ref idref="fl-2"/>
      </object_component>
      <object_component id="oc-4bc">
         <name>.debug_info</name>
         <load_address>0x1a75</load_address>
         <run_address>0x1a75</run_address>
         <size>0x282</size>
         <input_file_ref idref="fl-2"/>
      </object_component>
      <object_component id="oc-460">
         <name>.debug_info</name>
         <load_address>0x1cf7</load_address>
         <run_address>0x1cf7</run_address>
         <size>0xbb</size>
         <input_file_ref idref="fl-2"/>
      </object_component>
      <object_component id="oc-510">
         <name>.debug_info</name>
         <load_address>0x1db2</load_address>
         <run_address>0x1db2</run_address>
         <size>0x211</size>
         <input_file_ref idref="fl-4"/>
      </object_component>
      <object_component id="oc-50c">
         <name>.debug_info</name>
         <load_address>0x1fc3</load_address>
         <run_address>0x1fc3</run_address>
         <size>0x144</size>
         <input_file_ref idref="fl-4"/>
      </object_component>
      <object_component id="oc-675">
         <name>.debug_info</name>
         <load_address>0x2107</load_address>
         <run_address>0x2107</run_address>
         <size>0x63</size>
         <input_file_ref idref="fl-4"/>
      </object_component>
      <object_component id="oc-670">
         <name>.debug_info</name>
         <load_address>0x216a</load_address>
         <run_address>0x216a</run_address>
         <size>0x142</size>
         <input_file_ref idref="fl-4"/>
      </object_component>
      <object_component id="oc-519">
         <name>.debug_info</name>
         <load_address>0x22ac</load_address>
         <run_address>0x22ac</run_address>
         <size>0xbfb</size>
         <input_file_ref idref="fl-5"/>
      </object_component>
      <object_component id="oc-439">
         <name>.debug_info</name>
         <load_address>0x2ea7</load_address>
         <run_address>0x2ea7</run_address>
         <size>0x120</size>
         <input_file_ref idref="fl-5"/>
      </object_component>
      <object_component id="oc-501">
         <name>.debug_info</name>
         <load_address>0x2fc7</load_address>
         <run_address>0x2fc7</run_address>
         <size>0xc1</size>
         <input_file_ref idref="fl-5"/>
      </object_component>
      <object_component id="oc-4cb">
         <name>.debug_info</name>
         <load_address>0x3088</load_address>
         <run_address>0x3088</run_address>
         <size>0x2b1</size>
         <input_file_ref idref="fl-5"/>
      </object_component>
      <object_component id="oc-4dd">
         <name>.debug_info</name>
         <load_address>0x3339</load_address>
         <run_address>0x3339</run_address>
         <size>0x175</size>
         <input_file_ref idref="fl-5"/>
      </object_component>
      <object_component id="oc-4ef">
         <name>.debug_info</name>
         <load_address>0x34ae</load_address>
         <run_address>0x34ae</run_address>
         <size>0x186</size>
         <input_file_ref idref="fl-5"/>
      </object_component>
      <object_component id="oc-474">
         <name>.debug_info</name>
         <load_address>0x3634</load_address>
         <run_address>0x3634</run_address>
         <size>0x3cf</size>
         <input_file_ref idref="fl-5"/>
      </object_component>
      <object_component id="oc-46e">
         <name>.debug_info</name>
         <load_address>0x3a03</load_address>
         <run_address>0x3a03</run_address>
         <size>0x113</size>
         <input_file_ref idref="fl-5"/>
      </object_component>
      <object_component id="oc-3e5">
         <name>.debug_info</name>
         <load_address>0x3b16</load_address>
         <run_address>0x3b16</run_address>
         <size>0x194</size>
         <input_file_ref idref="fl-5"/>
      </object_component>
      <object_component id="oc-3d9">
         <name>.debug_info</name>
         <load_address>0x3caa</load_address>
         <run_address>0x3caa</run_address>
         <size>0xfc</size>
         <input_file_ref idref="fl-5"/>
      </object_component>
      <object_component id="oc-3d3">
         <name>.debug_info</name>
         <load_address>0x3da6</load_address>
         <run_address>0x3da6</run_address>
         <size>0xee</size>
         <input_file_ref idref="fl-5"/>
      </object_component>
      <object_component id="oc-3df">
         <name>.debug_info</name>
         <load_address>0x3e94</load_address>
         <run_address>0x3e94</run_address>
         <size>0xf4</size>
         <input_file_ref idref="fl-5"/>
      </object_component>
      <object_component id="oc-49c">
         <name>.debug_info</name>
         <load_address>0x3f88</load_address>
         <run_address>0x3f88</run_address>
         <size>0x72</size>
         <input_file_ref idref="fl-5"/>
      </object_component>
      <object_component id="oc-6c6">
         <name>.debug_info</name>
         <load_address>0x3ffa</load_address>
         <run_address>0x3ffa</run_address>
         <size>0x158</size>
         <input_file_ref idref="fl-6"/>
      </object_component>
      <object_component id="oc-5ed">
         <name>.debug_info</name>
         <load_address>0x4152</load_address>
         <run_address>0x4152</run_address>
         <size>0x299</size>
         <input_file_ref idref="fl-6"/>
      </object_component>
      <object_component id="oc-5ab">
         <name>.debug_info</name>
         <load_address>0x43eb</load_address>
         <run_address>0x43eb</run_address>
         <size>0x301</size>
         <input_file_ref idref="fl-6"/>
      </object_component>
      <object_component id="oc-5a0">
         <name>.debug_info</name>
         <load_address>0x46ec</load_address>
         <run_address>0x46ec</run_address>
         <size>0x1ca</size>
         <input_file_ref idref="fl-6"/>
      </object_component>
      <object_component id="oc-5c1">
         <name>.debug_info</name>
         <load_address>0x48b6</load_address>
         <run_address>0x48b6</run_address>
         <size>0x27f</size>
         <input_file_ref idref="fl-6"/>
      </object_component>
      <object_component id="oc-5a6">
         <name>.debug_info</name>
         <load_address>0x4b35</load_address>
         <run_address>0x4b35</run_address>
         <size>0x18f</size>
         <input_file_ref idref="fl-6"/>
      </object_component>
      <object_component id="oc-5f3">
         <name>.debug_info</name>
         <load_address>0x4cc4</load_address>
         <run_address>0x4cc4</run_address>
         <size>0x191</size>
         <input_file_ref idref="fl-6"/>
      </object_component>
      <object_component id="oc-5b4">
         <name>.debug_info</name>
         <load_address>0x4e55</load_address>
         <run_address>0x4e55</run_address>
         <size>0x202</size>
         <input_file_ref idref="fl-6"/>
      </object_component>
      <object_component id="oc-5b9">
         <name>.debug_info</name>
         <load_address>0x5057</load_address>
         <run_address>0x5057</run_address>
         <size>0x27b</size>
         <input_file_ref idref="fl-6"/>
      </object_component>
      <object_component id="oc-3bb">
         <name>.debug_info</name>
         <load_address>0x52d2</load_address>
         <run_address>0x52d2</run_address>
         <size>0x84</size>
         <input_file_ref idref="fl-7"/>
      </object_component>
      <object_component id="oc-6e1">
         <name>.debug_info</name>
         <load_address>0x5356</load_address>
         <run_address>0x5356</run_address>
         <size>0x13f</size>
         <input_file_ref idref="fl-b"/>
      </object_component>
      <object_component id="oc-632">
         <name>.debug_info</name>
         <load_address>0x5495</load_address>
         <run_address>0x5495</run_address>
         <size>0x15e</size>
         <input_file_ref idref="fl-b"/>
      </object_component>
      <object_component id="oc-626">
         <name>.debug_info</name>
         <load_address>0x55f3</load_address>
         <run_address>0x55f3</run_address>
         <size>0x21b</size>
         <input_file_ref idref="fl-b"/>
      </object_component>
      <object_component id="oc-621">
         <name>.debug_info</name>
         <load_address>0x580e</load_address>
         <run_address>0x580e</run_address>
         <size>0x188</size>
         <input_file_ref idref="fl-b"/>
      </object_component>
      <object_component id="oc-62d">
         <name>.debug_info</name>
         <load_address>0x5996</load_address>
         <run_address>0x5996</run_address>
         <size>0x243</size>
         <input_file_ref idref="fl-b"/>
      </object_component>
      <object_component id="oc-6ea">
         <name>.debug_info</name>
         <load_address>0x5bd9</load_address>
         <run_address>0x5bd9</run_address>
         <size>0x157</size>
         <input_file_ref idref="fl-f"/>
      </object_component>
      <object_component id="oc-450">
         <name>.debug_info</name>
         <load_address>0x5d30</load_address>
         <run_address>0x5d30</run_address>
         <size>0x1b6</size>
         <input_file_ref idref="fl-f"/>
      </object_component>
      <object_component id="oc-644">
         <name>.debug_info</name>
         <load_address>0x5ee6</load_address>
         <run_address>0x5ee6</run_address>
         <size>0x1e3</size>
         <input_file_ref idref="fl-f"/>
      </object_component>
      <object_component id="oc-6f1">
         <name>.debug_info</name>
         <load_address>0x60c9</load_address>
         <run_address>0x60c9</run_address>
         <size>0x1d3</size>
         <input_file_ref idref="fl-f"/>
      </object_component>
      <object_component id="oc-655">
         <name>.debug_info</name>
         <load_address>0x629c</load_address>
         <run_address>0x629c</run_address>
         <size>0x1f3</size>
         <input_file_ref idref="fl-f"/>
      </object_component>
      <object_component id="oc-649">
         <name>.debug_info</name>
         <load_address>0x648f</load_address>
         <run_address>0x648f</run_address>
         <size>0x1a8</size>
         <input_file_ref idref="fl-f"/>
      </object_component>
      <object_component id="oc-44a">
         <name>.debug_info</name>
         <load_address>0x6637</load_address>
         <run_address>0x6637</run_address>
         <size>0x1f5</size>
         <input_file_ref idref="fl-f"/>
      </object_component>
      <object_component id="oc-650">
         <name>.debug_info</name>
         <load_address>0x682c</load_address>
         <run_address>0x682c</run_address>
         <size>0x1bb</size>
         <input_file_ref idref="fl-f"/>
      </object_component>
      <object_component id="oc-6bc">
         <name>.debug_info</name>
         <load_address>0x69e7</load_address>
         <run_address>0x69e7</run_address>
         <size>0x161</size>
         <input_file_ref idref="fl-13"/>
      </object_component>
      <object_component id="oc-575">
         <name>.debug_info</name>
         <load_address>0x6b48</load_address>
         <run_address>0x6b48</run_address>
         <size>0xef</size>
         <input_file_ref idref="fl-13"/>
      </object_component>
      <object_component id="oc-4d7">
         <name>.debug_info</name>
         <load_address>0x6c37</load_address>
         <run_address>0x6c37</run_address>
         <size>0x1fe</size>
         <input_file_ref idref="fl-13"/>
      </object_component>
      <object_component id="oc-513">
         <name>.debug_info</name>
         <load_address>0x6e35</load_address>
         <run_address>0x6e35</run_address>
         <size>0x1fe</size>
         <input_file_ref idref="fl-13"/>
      </object_component>
      <object_component id="oc-4d1">
         <name>.debug_info</name>
         <load_address>0x7033</load_address>
         <run_address>0x7033</run_address>
         <size>0x200</size>
         <input_file_ref idref="fl-13"/>
      </object_component>
      <object_component id="oc-4fb">
         <name>.debug_info</name>
         <load_address>0x7233</load_address>
         <run_address>0x7233</run_address>
         <size>0x247</size>
         <input_file_ref idref="fl-13"/>
      </object_component>
      <object_component id="oc-568">
         <name>.debug_info</name>
         <load_address>0x747a</load_address>
         <run_address>0x747a</run_address>
         <size>0x246</size>
         <input_file_ref idref="fl-13"/>
      </object_component>
      <object_component id="oc-562">
         <name>.debug_info</name>
         <load_address>0x76c0</load_address>
         <run_address>0x76c0</run_address>
         <size>0x1f5</size>
         <input_file_ref idref="fl-13"/>
      </object_component>
      <object_component id="oc-602">
         <name>.debug_info</name>
         <load_address>0x78b5</load_address>
         <run_address>0x78b5</run_address>
         <size>0x21a</size>
         <input_file_ref idref="fl-13"/>
      </object_component>
      <object_component id="oc-5fc">
         <name>.debug_info</name>
         <load_address>0x7acf</load_address>
         <run_address>0x7acf</run_address>
         <size>0x23c</size>
         <input_file_ref idref="fl-13"/>
      </object_component>
      <object_component id="oc-608">
         <name>.debug_info</name>
         <load_address>0x7d0b</load_address>
         <run_address>0x7d0b</run_address>
         <size>0x1fa</size>
         <input_file_ref idref="fl-13"/>
      </object_component>
      <object_component id="oc-4e9">
         <name>.debug_info</name>
         <load_address>0x7f05</load_address>
         <run_address>0x7f05</run_address>
         <size>0x1f8</size>
         <input_file_ref idref="fl-13"/>
      </object_component>
      <object_component id="oc-570">
         <name>.debug_info</name>
         <load_address>0x80fd</load_address>
         <run_address>0x80fd</run_address>
         <size>0x145</size>
         <input_file_ref idref="fl-17"/>
      </object_component>
      <object_component id="oc-60f">
         <name>.debug_info</name>
         <load_address>0x8242</load_address>
         <run_address>0x8242</run_address>
         <size>0x151</size>
         <input_file_ref idref="fl-17"/>
      </object_component>
      <object_component id="oc-5d0">
         <name>.debug_info</name>
         <load_address>0x8393</load_address>
         <run_address>0x8393</run_address>
         <size>0x209</size>
         <input_file_ref idref="fl-19"/>
      </object_component>
      <object_component id="oc-5c4">
         <name>.debug_info</name>
         <load_address>0x859c</load_address>
         <run_address>0x859c</run_address>
         <size>0x195</size>
         <input_file_ref idref="fl-19"/>
      </object_component>
      <object_component id="oc-5ca">
         <name>.debug_info</name>
         <load_address>0x8731</load_address>
         <run_address>0x8731</run_address>
         <size>0x199</size>
         <input_file_ref idref="fl-19"/>
      </object_component>
      <object_component id="oc-5d6">
         <name>.debug_info</name>
         <load_address>0x88ca</load_address>
         <run_address>0x88ca</run_address>
         <size>0x1a5</size>
         <input_file_ref idref="fl-19"/>
      </object_component>
      <object_component id="oc-6be">
         <name>.debug_info</name>
         <load_address>0x8a6f</load_address>
         <run_address>0x8a6f</run_address>
         <size>0x156</size>
         <input_file_ref idref="fl-1a"/>
      </object_component>
      <object_component id="oc-593">
         <name>.debug_info</name>
         <load_address>0x8bc5</load_address>
         <run_address>0x8bc5</run_address>
         <size>0x16e</size>
         <input_file_ref idref="fl-1a"/>
      </object_component>
      <object_component id="oc-582">
         <name>.debug_info</name>
         <load_address>0x8d33</load_address>
         <run_address>0x8d33</run_address>
         <size>0x1d7</size>
         <input_file_ref idref="fl-1a"/>
      </object_component>
      <object_component id="oc-57c">
         <name>.debug_info</name>
         <load_address>0x8f0a</load_address>
         <run_address>0x8f0a</run_address>
         <size>0x215</size>
         <input_file_ref idref="fl-1a"/>
      </object_component>
      <object_component id="oc-58d">
         <name>.debug_info</name>
         <load_address>0x911f</load_address>
         <run_address>0x911f</run_address>
         <size>0x1dd</size>
         <input_file_ref idref="fl-1a"/>
      </object_component>
      <object_component id="oc-588">
         <name>.debug_info</name>
         <load_address>0x92fc</load_address>
         <run_address>0x92fc</run_address>
         <size>0x1ec</size>
         <input_file_ref idref="fl-1a"/>
      </object_component>
      <object_component id="oc-6d5">
         <name>.debug_info</name>
         <load_address>0x94e8</load_address>
         <run_address>0x94e8</run_address>
         <size>0x170</size>
         <input_file_ref idref="fl-1e"/>
      </object_component>
      <object_component id="oc-5e5">
         <name>.debug_info</name>
         <load_address>0x9658</load_address>
         <run_address>0x9658</run_address>
         <size>0x18e</size>
         <input_file_ref idref="fl-1e"/>
      </object_component>
      <object_component id="oc-5df">
         <name>.debug_info</name>
         <load_address>0x97e6</load_address>
         <run_address>0x97e6</run_address>
         <size>0x1bd</size>
         <input_file_ref idref="fl-1e"/>
      </object_component>
      <object_component id="oc-4c6">
         <name>.debug_info</name>
         <load_address>0x99a3</load_address>
         <run_address>0x99a3</run_address>
         <size>0x1a2</size>
         <input_file_ref idref="fl-21"/>
      </object_component>
      <object_component id="oc-4b2">
         <name>.debug_info</name>
         <load_address>0x9b45</load_address>
         <run_address>0x9b45</run_address>
         <size>0x166</size>
         <input_file_ref idref="fl-22"/>
      </object_component>
      <object_component id="oc-4b8">
         <name>.debug_info</name>
         <load_address>0x9cab</load_address>
         <run_address>0x9cab</run_address>
         <size>0x15f</size>
         <input_file_ref idref="fl-22"/>
      </object_component>
      <object_component id="oc-456">
         <name>.debug_info</name>
         <load_address>0x9e0a</load_address>
         <run_address>0x9e0a</run_address>
         <size>0x197</size>
         <input_file_ref idref="fl-22"/>
      </object_component>
      <object_component id="oc-4ac">
         <name>.debug_info</name>
         <load_address>0x9fa1</load_address>
         <run_address>0x9fa1</run_address>
         <size>0x161</size>
         <input_file_ref idref="fl-22"/>
      </object_component>
      <object_component id="oc-443">
         <name>.debug_info</name>
         <load_address>0xa102</load_address>
         <run_address>0xa102</run_address>
         <size>0x196</size>
         <input_file_ref idref="fl-22"/>
      </object_component>
      <object_component id="oc-639">
         <name>.debug_info</name>
         <load_address>0xa298</load_address>
         <run_address>0xa298</run_address>
         <size>0x157</size>
         <input_file_ref idref="fl-22"/>
      </object_component>
      <object_component id="oc-43f">
         <name>.debug_info</name>
         <load_address>0xa3ef</load_address>
         <run_address>0xa3ef</run_address>
         <size>0x3fb</size>
         <input_file_ref idref="fl-23"/>
      </object_component>
      <object_component id="oc-63f">
         <name>.debug_info</name>
         <load_address>0xa7ea</load_address>
         <run_address>0xa7ea</run_address>
         <size>0xc5</size>
         <input_file_ref idref="fl-23"/>
      </object_component>
      <object_component id="oc-660">
         <name>.debug_info</name>
         <load_address>0xa8af</load_address>
         <run_address>0xa8af</run_address>
         <size>0x1a4</size>
         <input_file_ref idref="fl-23"/>
      </object_component>
      <object_component id="oc-506">
         <name>.debug_info</name>
         <load_address>0xaa53</load_address>
         <run_address>0xaa53</run_address>
         <size>0x167</size>
         <input_file_ref idref="fl-23"/>
      </object_component>
      <object_component id="oc-666">
         <name>.debug_info</name>
         <load_address>0xabba</load_address>
         <run_address>0xabba</run_address>
         <size>0x138</size>
         <input_file_ref idref="fl-23"/>
      </object_component>
      <object_component id="oc-4f5">
         <name>.debug_info</name>
         <load_address>0xacf2</load_address>
         <run_address>0xacf2</run_address>
         <size>0x1c0</size>
         <input_file_ref idref="fl-23"/>
      </object_component>
      <object_component id="oc-42d">
         <name>.debug_info</name>
         <load_address>0xaeb2</load_address>
         <run_address>0xaeb2</run_address>
         <size>0x17b</size>
         <input_file_ref idref="fl-4a"/>
      </object_component>
      <object_component id="oc-77">
         <name>.debug_info</name>
         <load_address>0xb02d</load_address>
         <run_address>0xb02d</run_address>
         <size>0x250</size>
         <input_file_ref idref="fl-4a"/>
      </object_component>
      <object_component id="oc-3b6">
         <name>.debug_info</name>
         <load_address>0xb27d</load_address>
         <run_address>0xb27d</run_address>
         <size>0x60</size>
         <input_file_ref idref="fl-4a"/>
      </object_component>
      <object_component id="oc-48f">
         <name>.debug_info</name>
         <load_address>0xb2dd</load_address>
         <run_address>0xb2dd</run_address>
         <size>0x46</size>
         <input_file_ref idref="fl-4a"/>
      </object_component>
      <object_component id="oc-428">
         <name>.debug_info</name>
         <load_address>0xb323</load_address>
         <run_address>0xb323</run_address>
         <size>0x39</size>
         <input_file_ref idref="fl-4a"/>
      </object_component>
      <object_component id="oc-3cc">
         <name>.debug_info</name>
         <load_address>0xb35c</load_address>
         <run_address>0xb35c</run_address>
         <size>0x18f</size>
         <input_file_ref idref="fl-4b"/>
      </object_component>
      <object_component id="oc-7e">
         <name>.debug_info</name>
         <load_address>0xb4eb</load_address>
         <run_address>0xb4eb</run_address>
         <size>0x1d3</size>
         <input_file_ref idref="fl-4b"/>
      </object_component>
      <object_component id="oc-3c7">
         <name>.debug_info</name>
         <load_address>0xb6be</load_address>
         <run_address>0xb6be</run_address>
         <size>0x46</size>
         <input_file_ref idref="fl-4b"/>
      </object_component>
      <object_component id="oc-3ce">
         <name>.debug_info</name>
         <load_address>0xb704</load_address>
         <run_address>0xb704</run_address>
         <size>0x10f</size>
         <input_file_ref idref="fl-4d"/>
      </object_component>
      <object_component id="oc-46b">
         <name>.debug_info</name>
         <load_address>0xb813</load_address>
         <run_address>0xb813</run_address>
         <size>0x17f</size>
         <input_file_ref idref="fl-62"/>
      </object_component>
      <object_component id="oc-3eb">
         <name>.debug_info</name>
         <load_address>0xb992</load_address>
         <run_address>0xb992</run_address>
         <size>0x1d7</size>
         <input_file_ref idref="fl-62"/>
      </object_component>
      <object_component id="oc-466">
         <name>.debug_info</name>
         <load_address>0xbb69</load_address>
         <run_address>0xbb69</run_address>
         <size>0x46</size>
         <input_file_ref idref="fl-62"/>
      </object_component>
      <object_component id="oc-3b2">
         <name>.debug_info</name>
         <load_address>0xbbaf</load_address>
         <run_address>0xbbaf</run_address>
         <size>0x100</size>
         <input_file_ref idref="fl-6d"/>
      </object_component>
      <object_component id="oc-415">
         <name>.debug_info</name>
         <load_address>0xbcaf</load_address>
         <run_address>0xbcaf</run_address>
         <size>0x193</size>
         <input_file_ref idref="fl-6d"/>
      </object_component>
      <object_component id="oc-487">
         <name>.debug_info</name>
         <load_address>0xbe42</load_address>
         <run_address>0xbe42</run_address>
         <size>0xf2</size>
         <input_file_ref idref="fl-6e"/>
      </object_component>
      <object_component id="oc-69b">
         <name>.debug_info</name>
         <load_address>0xbf34</load_address>
         <run_address>0xbf34</run_address>
         <size>0x3fc</size>
         <input_file_ref idref="fl-70"/>
      </object_component>
      <object_component id="oc-540">
         <name>.debug_info</name>
         <load_address>0xc330</load_address>
         <run_address>0xc330</run_address>
         <size>0x230</size>
         <input_file_ref idref="fl-70"/>
      </object_component>
      <object_component id="oc-70d">
         <name>.debug_info</name>
         <load_address>0xc560</load_address>
         <run_address>0xc560</run_address>
         <size>0x39</size>
         <input_file_ref idref="fl-70"/>
      </object_component>
      <object_component id="oc-71e">
         <name>.debug_info</name>
         <load_address>0xc599</load_address>
         <run_address>0xc599</run_address>
         <size>0x2c</size>
         <input_file_ref idref="fl-70"/>
      </object_component>
      <object_component id="oc-6a6">
         <name>.debug_info</name>
         <load_address>0xc5c5</load_address>
         <run_address>0xc5c5</run_address>
         <size>0x2c</size>
         <input_file_ref idref="fl-70"/>
      </object_component>
      <object_component id="oc-712">
         <name>.debug_info</name>
         <load_address>0xc5f1</load_address>
         <run_address>0xc5f1</run_address>
         <size>0xcd</size>
         <input_file_ref idref="fl-70"/>
      </object_component>
      <object_component id="oc-695">
         <name>.debug_info</name>
         <load_address>0xc6be</load_address>
         <run_address>0xc6be</run_address>
         <size>0x150</size>
         <input_file_ref idref="fl-71"/>
      </object_component>
      <object_component id="oc-430">
         <name>.debug_info</name>
         <load_address>0xc80e</load_address>
         <run_address>0xc80e</run_address>
         <size>0x2c</size>
         <input_file_ref idref="fl-72"/>
[...]
         <name>WDTCTL_L</name>
         <value>0x15c</value>
      </symbol>
      <symbol id="sm-310">
         <name>WDTCTL_H</name>
         <value>0x15d</value>
      </symbol>
      <symbol id="sm-311">
         <name>fram_rw_start</name>
         <value>0x4400</value>
      </symbol>
      <symbol id="sm-312">
         <name>fram_ipe_start</name>
         <value>0x4400</value>
      </symbol>
      <symbol id="sm-313">
         <name>fram_ipe_end</name>
         <value>0x4400</value>
      </symbol>
      <symbol id="sm-314">
         <name>fram_rx_start</name>
         <value>0x4400</value>
      </symbol>
      <symbol id="sm-315">
         <name>__TI_CINIT_Base</name>
         <value>0x4538</value>
      </symbol>
      <symbol id="sm-316">
         <name>__TI_CINIT_Limit</name>
         <value>0x4548</value>
      </symbol>
      <symbol id="sm-317">
         <name>__TI_CINIT_Warm</name>
         <value>0x4548</value>
      </symbol>
      <symbol id="sm-318">
         <name>__TI_Handler_Table_Base</name>
         <value>0x451a</value>
      </symbol>
      <symbol id="sm-319">
         <name>__TI_Handler_Table_Limit</name>
         <value>0x4526</value>
      </symbol>
      <symbol id="sm-31a">
         <name>__STACK_SIZE</name>
         <value>0xa0</value>
      </symbol>
      <symbol id="sm-31b">
         <name>__STACK_END</name>
         <value>0x2400</value>
      </symbol>
      <symbol id="sm-31c">
         <name>__c_args__</name>
         <value>0xffffffff</value>
      </symbol>
      <symbol id="sm-31d">
         <name>__TI_pprof_out_hndl</name>
         <value>0xffffffff</value>
      </symbol>
      <symbol id="sm-31e">
         <name>__TI_prof_data_start</name>
         <value>0xffffffff</value>
      </symbol>
      <symbol id="sm-31f">
         <name>__TI_prof_data_size</name>
         <value>0xffffffff</value>
      </symbol>
      <symbol id="sm-3cd">
         <name>FRAM_TEMP_write_ptr</name>
         <value>0x1d64</value>
      </symbol>
      <symbol id="sm-3ce">
         <name>FRAM_BAT_write_ptr</name>
         <value>0x1d60</value>
      </symbol>
      <symbol id="sm-3cf">
         <name>FRAM_index_ptr</name>
         <value>0x1d80</value>
         <object_component_ref idref="oc-5f6"/>
      </symbol>
      <symbol id="sm-3d0">
         <name>framLog</name>
         <value>0x10000</value>
         <object_component_ref idref="oc-4e2"/>
      </symbol>
      <symbol id="sm-3ee">
         <name>ccsds_pkt</name>
         <value>0x1c00</value>
      </symbol>
      <symbol id="sm-3ef">
         <name>state</name>
         <value>0x1d6c</value>
      </symbol>
      <symbol id="sm-3f0">
         <name>bytes_received</name>
         <value>0x1d68</value>
      </symbol>
      <symbol id="sm-3f1">
         <name>data_length</name>
         <value>0x1d6a</value>
      </symbol>
      <symbol id="sm-3f2">
         <name>uart_get_ccsds_pkt</name>
         <value>0x1040c</value>
         <object_component_ref idref="oc-509"/>
      </symbol>
      <symbol id="sm-45f">
         <name>calendar</name>
         <value>0x1d58</value>
      </symbol>
      <symbol id="sm-460">
         <name>__TI_int39</name>
         <value>0xffde</value>
         <object_component_ref idref="oc-8b"/>
      </symbol>
      <symbol id="sm-461">
         <name>Init_GPIO</name>
         <value>0x105fc</value>
         <object_component_ref idref="oc-4ca"/>
      </symbol>
      <symbol id="sm-462">
         <name>__TI_int48</name>
         <value>0xfff0</value>
         <object_component_ref idref="oc-94"/>
      </symbol>
      <symbol id="sm-463">
         <name>__TI_int46</name>
         <value>0xffec</value>
         <object_component_ref idref="oc-92"/>
      </symbol>
      <symbol id="sm-464">
         <name>__TI_int45</name>
         <value>0xffea</value>
         <object_component_ref idref="oc-91"/>
      </symbol>
      <symbol id="sm-465">
         <name>rxOverflow</name>
         <value>0x1d74</value>
         <object_component_ref idref="oc-438"/>
      </symbol>
      <symbol id="sm-466">
         <name>Port_1</name>
         <value>0x44a0</value>
         <object_component_ref idref="oc-3d2"/>
      </symbol>
      <symbol id="sm-467">
         <name>ADC12_ISR</name>
         <value>0x4456</value>
         <object_component_ref idref="oc-3de"/>
      </symbol>
      <symbol id="sm-468">
         <name>USCI_A0_ISR</name>
         <value>0x4400</value>
         <object_component_ref idref="oc-3e4"/>
      </symbol>
      <symbol id="sm-469">
         <name>Init_Clock</name>
         <value>0x10b4c</value>
         <object_component_ref idref="oc-4ee"/>
      </symbol>
      <symbol id="sm-46a">
         <name>RXData</name>
         <value>0x1d6e</value>
         <object_component_ref idref="oc-438"/>
      </symbol>
      <symbol id="sm-46b">
         <name>main</name>
         <value>0x10226</value>
         <object_component_ref idref="oc-473"/>
      </symbol>
      <symbol id="sm-46c">
         <name>pingHost</name>
         <value>0x1d72</value>
         <object_component_ref idref="oc-438"/>
      </symbol>
      <symbol id="sm-46d">
         <name>mode</name>
         <value>0x1d70</value>
         <object_component_ref idref="oc-438"/>
      </symbol>
      <symbol id="sm-46e">
         <name>Init_RTC</name>
         <value>0x109b8</value>
         <object_component_ref idref="oc-4dc"/>
      </symbol>
      <symbol id="sm-46f">
         <name>_system_pre_init</name>
         <value>0x10ffa</value>
         <object_component_ref idref="oc-46d"/>
      </symbol>
      <symbol id="sm-470">
         <name>TIMER0_A0_ISR</name>
         <value>0x44b2</value>
         <object_component_ref idref="oc-3d8"/>
      </symbol>
      <symbol id="sm-4ad">
         <name>ADC12_B_configureMemory</name>
         <value>0x10a6c</value>
         <object_component_ref idref="oc-5b1"/>
      </symbol>
      <symbol id="sm-4ae">
         <name>ADC12_B_init</name>
         <value>0x10564</value>
         <object_component_ref idref="oc-59c"/>
      </symbol>
      <symbol id="sm-4af">
         <name>ADC12_B_enable</name>
         <value>0x10fca</value>
         <object_component_ref idref="oc-5a2"/>
      </symbol>
      <symbol id="sm-4b0">
         <name>ADC12_B_clearInterrupt</name>
         <value>0x10f30</value>
         <object_component_ref idref="oc-5b7"/>
      </symbol>
      <symbol id="sm-4b1">
         <name>ADC12_B_disable</name>
         <value>0x10fbe</value>
         <object_component_ref idref="oc-5f0"/>
      </symbol>
      <symbol id="sm-4b2">
         <name>ADC12_B_setupSamplingTimer</name>
         <value>0x10d7a</value>
         <object_component_ref idref="oc-5a8"/>
      </symbol>
      <symbol id="sm-4b3">
         <name>ADC12_B_enableInterrupt</name>
         <value>0x10da0</value>
         <object_component_ref idref="oc-5bd"/>
      </symbol>
      <symbol id="sm-4b4">
         <name>ADC12_B_startConversion</name>
         <value>0x10b8e</value>
         <object_component_ref idref="oc-5ea"/>
      </symbol>
      <symbol id="sm-4e7">
         <name>CS_turnOnLFXT</name>
         <value>0x10bcc</value>
         <object_component_ref idref="oc-631"/>
      </symbol>
      <symbol id="sm-4e8">
         <name>CS_setDCOFreq</name>
         <value>0x10f58</value>
         <object_component_ref idref="oc-61f"/>
      </symbol>
      <symbol id="sm-4e9">
         <name>CS_setExternalClockSource</name>
         <value>0x10f6a</value>
         <object_component_ref idref="oc-625"/>
      </symbol>
      <symbol id="sm-4ea">
         <name>CS_initClockSignal</name>
         <value>0x10952</value>
         <object_component_ref idref="oc-62b"/>
      </symbol>
      <symbol id="sm-528">
         <name>EUSCI_A_UART_enableInterrupt</name>
         <value>0x10e0a</value>
         <object_component_ref idref="oc-653"/>
      </symbol>
      <symbol id="sm-529">
         <name>EUSCI_A_UART_init</name>
         <value>0x104ca</value>
         <object_component_ref idref="oc-641"/>
      </symbol>
      <symbol id="sm-52a">
         <name>EUSCI_A_UART_enable</name>
         <value>0x1102c</value>
         <object_component_ref idref="oc-647"/>
      </symbol>
      <symbol id="sm-52b">
         <name>EUSCI_A_UART_getInterruptEnableStatus</name>
         <value>0x11006</value>
         <object_component_ref idref="oc-6ee"/>
      </symbol>
      <symbol id="sm-52c">
         <name>EUSCI_A_UART_disableInterrupt</name>
         <value>0x10de8</value>
         <object_component_ref idref="oc-447"/>
      </symbol>
      <symbol id="sm-52d">
         <name>EUSCI_A_UART_receiveData</name>
         <value>0x10e2c</value>
         <object_component_ref idref="oc-44d"/>
      </symbol>
      <symbol id="sm-52e">
         <name>EUSCI_A_UART_clearInterrupt</name>
         <value>0x10fb0</value>
         <object_component_ref idref="oc-64d"/>
      </symbol>
      <symbol id="sm-594">
         <name>GPIO_clearInterrupt</name>
         <value>0x10e6c</value>
         <object_component_ref idref="oc-4e8"/>
      </symbol>
      <symbol id="sm-595">
         <name>GPIO_setOutputHighOnPin</name>
         <value>0x10ea8</value>
         <object_component_ref idref="oc-4d0"/>
      </symbol>
      <symbol id="sm-596">
         <name>GPIO_selectInterruptEdge</name>
         <value>0x10c9c</value>
         <object_component_ref idref="oc-5fb"/>
      </symbol>
      <symbol id="sm-597">
         <name>GPIO_setAsInputPinWithPullUpResistor</name>
         <value>0x10ab8</value>
         <object_component_ref idref="oc-601"/>
      </symbol>
      <symbol id="sm-598">
         <name>GPIO_enableInterrupt</name>
         <value>0x10e8a</value>
         <object_component_ref idref="oc-607"/>
      </symbol>
      <symbol id="sm-599">
         <name>GPIO_setAsOutputPin</name>
         <value>0x10c06</value>
         <object_component_ref idref="oc-561"/>
      </symbol>
      <symbol id="sm-59a">
         <name>GPIO_setOutputLowOnPin</name>
         <value>0x10ec4</value>
         <object_component_ref idref="oc-512"/>
      </symbol>
      <symbol id="sm-59b">
         <name>GPIO_toggleOutputOnPin</name>
         <value>0x10ee0</value>
         <object_component_ref idref="oc-4d6"/>
      </symbol>
      <symbol id="sm-59c">
         <name>GPIO_setAsPeripheralModuleFunctionOutputPin</name>
         <value>0x10878</value>
         <object_component_ref idref="oc-4fa"/>
      </symbol>
      <symbol id="sm-59d">
         <name>GPIO_setAsPeripheralModuleFunctionInputPin</name>
         <value>0x10806</value>
         <object_component_ref idref="oc-567"/>
      </symbol>
      <symbol id="sm-5b0">
         <name>PMM_unlockLPM5</name>
         <value>0x11032</value>
         <object_component_ref idref="oc-56d"/>
      </symbol>
      <symbol id="sm-5b1">
         <name>PMM_turnOffRegulator</name>
         <value>0x10f7c</value>
         <object_component_ref idref="oc-60d"/>
      </symbol>
      <symbol id="sm-5d0">
         <name>Ref_A_enableReferenceVoltage</name>
         <value>0x11038</value>
         <object_component_ref idref="oc-5d5"/>
      </symbol>
      <symbol id="sm-5d1">
         <name>Ref_A_setReferenceVoltage</name>
         <value>0x10fee</value>
         <object_component_ref idref="oc-5cf"/>
      </symbol>
      <symbol id="sm-5d2">
         <name>Ref_A_enableTempSensor</name>
         <value>0x1103e</value>
         <object_component_ref idref="oc-5c9"/>
      </symbol>
      <symbol id="sm-5d3">
         <name>Ref_A_isRefGenBusy</name>
         <value>0x11010</value>
         <object_component_ref idref="oc-5c3"/>
      </symbol>
      <symbol id="sm-601">
         <name>RTC_B_initCalendar</name>
         <value>0x108ea</value>
         <object_component_ref idref="oc-57a"/>
      </symbol>
      <symbol id="sm-602">
         <name>RTC_B_startClock</name>
         <value>0x10fe2</value>
         <object_component_ref idref="oc-592"/>
      </symbol>
      <symbol id="sm-603">
         <name>RTC_B_enableInterrupt</name>
         <value>0x10cca</value>
         <object_component_ref idref="oc-58c"/>
      </symbol>
      <symbol id="sm-604">
         <name>RTC_B_clearInterrupt</name>
         <value>0x10cf8</value>
         <object_component_ref idref="oc-586"/>
      </symbol>
      <symbol id="sm-605">
         <name>RTC_B_setCalendarEvent</name>
         <value>0x10fd6</value>
         <object_component_ref idref="oc-580"/>
      </symbol>
      <symbol id="sm-61e">
         <name>Timer_A_initUpMode</name>
         <value>0x10714</value>
         <object_component_ref idref="oc-5de"/>
      </symbol>
      <symbol id="sm-61f">
         <name>Timer_A_stop</name>
         <value>0x11024</value>
         <object_component_ref idref="oc-5e4"/>
      </symbol>
      <symbol id="sm-62a">
         <name>WDT_A_hold</name>
         <value>0x10e4c</value>
         <object_component_ref idref="oc-4c3"/>
      </symbol>
      <symbol id="sm-658">
         <name>RingBuffer_Init</name>
         <value>0x1101a</value>
         <object_component_ref idref="oc-638"/>
      </symbol>
      <symbol id="sm-659">
         <name>RingBuffer_Write</name>
         <value>0x10c6c</value>
         <object_component_ref idref="oc-454"/>
      </symbol>
      <symbol id="sm-65a">
         <name>RingBuffer_IsEmpty</name>
         <value>0x10fa0</value>
         <object_component_ref idref="oc-4ab"/>
      </symbol>
      <symbol id="sm-65b">
         <name>RingBuffer_IsFull</name>
         <value>0x10efc</value>
         <object_component_ref idref="oc-4b5"/>
      </symbol>
      <symbol id="sm-65c">
         <name>RingBuffer_Read</name>
         <value>0x10d50</value>
         <object_component_ref idref="oc-441"/>
      </symbol>
      <symbol id="sm-68d">
         <name>txBuffer</name>
         <value>0x1d36</value>
      </symbol>
      <symbol id="sm-68e">
         <name>rxBuffer</name>
         <value>0x1d14</value>
      </symbol>
      <symbol id="sm-68f">
         <name>uart_puts</name>
         <value>0x10c3a</value>
         <object_component_ref idref="oc-503"/>
      </symbol>
      <symbol id="sm-690">
         <name>uart_putc</name>
         <value>0x10b02</value>
         <object_component_ref idref="oc-65d"/>
      </symbol>
      <symbol id="sm-691">
         <name>uart_getc</name>
         <value>0x10f16</value>
         <object_component_ref idref="oc-664"/>
      </symbol>
      <symbol id="sm-692">
         <name>Init_UART</name>
         <value>0x10692</value>
         <object_component_ref idref="oc-4f4"/>
      </symbol>
      <symbol id="sm-6b5">
         <name>__TI_decompress_lzss</name>
         <value>0x10790</value>
         <object_component_ref idref="oc-76"/>
      </symbol>
      <symbol id="sm-6c6">
         <name>__TI_decompress_none</name>
         <value>0x10f8e</value>
         <object_component_ref idref="oc-7c"/>
      </symbol>
      <symbol id="sm-6c9">
         <name>__TI_int30</name>
         <value>0xffcc</value>
         <object_component_ref idref="oc-82"/>
      </symbol>
      <symbol id="sm-6d1">
         <name>__TI_ISR_TRAP</name>
         <value>0x44ba</value>
         <object_component_ref idref="oc-3cd"/>
      </symbol>
      <symbol id="sm-6d4">
         <name>__TI_int31</name>
         <value>0xffce</value>
         <object_component_ref idref="oc-83"/>
      </symbol>
      <symbol id="sm-6d7">
         <name>__TI_int32</name>
         <value>0xffd0</value>
         <object_component_ref idref="oc-84"/>
      </symbol>
      <symbol id="sm-6da">
         <name>__TI_int33</name>
         <value>0xffd2</value>
         <object_component_ref idref="oc-85"/>
      </symbol>
      <symbol id="sm-6dd">
         <name>__TI_int34</name>
         <value>0xffd4</value>
         <object_component_ref idref="oc-86"/>
      </symbol>
      <symbol id="sm-6e0">
         <name>__TI_int35</name>
         <value>0xffd6</value>
         <object_component_ref idref="oc-87"/>
      </symbol>
      <symbol id="sm-6e3">
         <name>__TI_int36</name>
         <value>0xffd8</value>
         <object_component_ref idref="oc-88"/>
      </symbol>
      <symbol id="sm-6e6">
         <name>__TI_int37</name>
         <value>0xffda</value>
         <object_component_ref idref="oc-89"/>
      </symbol>
      <symbol id="sm-6e9">
         <name>__TI_int38</name>
         <value>0xffdc</value>
         <object_component_ref idref="oc-8a"/>
      </symbol>
      <symbol id="sm-6ec">
         <name>__TI_int40</name>
         <value>0xffe0</value>
         <object_component_ref idref="oc-8c"/>
      </symbol>
      <symbol id="sm-6ef">
         <name>__TI_int41</name>
         <value>0xffe2</value>
         <object_component_ref idref="oc-8d"/>
      </symbol>
      <symbol id="sm-6f2">
         <name>__TI_int42</name>
         <value>0xffe4</value>
         <object_component_ref idref="oc-8e"/>
      </symbol>
      <symbol id="sm-6f5">
         <name>__TI_int43</name>
         <value>0xffe6</value>
         <object_component_ref idref="oc-8f"/>
      </symbol>
      <symbol id="sm-6f8">
         <name>__TI_int44</name>
         <value>0xffe8</value>
         <object_component_ref idref="oc-90"/>
      </symbol>
      <symbol id="sm-6fb">
         <name>__TI_int47</name>
         <value>0xffee</value>
         <object_component_ref idref="oc-93"/>
      </symbol>
      <symbol id="sm-6fe">
         <name>__TI_int49</name>
         <value>0xfff2</value>
         <object_component_ref idref="oc-95"/>
      </symbol>
      <symbol id="sm-701">
         <name>__TI_int50</name>
         <value>0xfff4</value>
         <object_component_ref idref="oc-96"/>
      </symbol>
      <symbol id="sm-704">
         <name>__TI_int51</name>
         <value>0xfff6</value>
         <object_component_ref idref="oc-97"/>
      </symbol>
      <symbol id="sm-707">
         <name>__TI_int52</name>
         <value>0xfff8</value>
         <object_component_ref idref="oc-98"/>
      </symbol>
      <symbol id="sm-70a">
         <name>__TI_int53</name>
         <value>0xfffa</value>
         <object_component_ref idref="oc-99"/>
      </symbol>
      <symbol id="sm-70d">
         <name>__TI_int54</name>
         <value>0xfffc</value>
         <object_component_ref idref="oc-9a"/>
      </symbol>
      <symbol id="sm-720">
         <name>__TI_zero_init_nomemset</name>
         <value>0x10dc4</value>
         <object_component_ref idref="oc-3ea"/>
      </symbol>
      <symbol id="sm-73a">
         <name>_c_int00_noargs_mpu</name>
         <value>0x4480</value>
         <object_component_ref idref="oc-414"/>
      </symbol>
      <symbol id="sm-73b">
         <name>_stack</name>
         <value>0x2360</value>
         <object_component_ref idref="oc-3b1"/>
      </symbol>
      <symbol id="sm-73c">
         <name>_reset_vector</name>
         <value>0xfffe</value>
         <object_component_ref idref="oc-3b4"/>
      </symbol>
      <symbol id="sm-745">
         <name>__mpu_init</name>
         <value>0x10d24</value>
         <object_component_ref idref="oc-485"/>
      </symbol>
      <symbol id="sm-769">
         <name>__TI_auto_init_nobinit_nopinit_hold_wdt</name>
         <value>0x10a18</value>
         <object_component_ref idref="oc-53f"/>
      </symbol>
      <symbol id="sm-772">
         <name>_system_post_cinit</name>
         <value>0x1104a</value>
         <object_component_ref idref="oc-694"/>
      </symbol>
      <symbol id="sm-783">
         <name>C$$EXIT</name>
         <value>0x11044</value>
         <object_component_ref idref="oc-51b"/>
      </symbol>
      <symbol id="sm-784">
         <name>abort</name>
         <value>0x11044</value>
         <object_component_ref idref="oc-51b"/>
      </symbol>
      <symbol id="sm-794">
         <name>memcpy</name>
         <value>0x10f44</value>
         <object_component_ref idref="oc-3c0"/>
      </symbol>
   </symbol_table>
   <title>Link successful</title>
</link_info>
